Archive member included to satisfy reference by file (symbol)

C:/ST/STM32CubeIDE_1.6.1/STM32CubeIDE/plugins/com.st.stm32cube.ide.mcu.externaltools.gnu-tools-for-stm32.13.3.rel1.win32_1.0.0.202411081344/tools/bin/../lib/gcc/arm-none-eabi/13.3.1/../../../../arm-none-eabi/lib/thumb/v6-m/nofp\libc_nano.a(libc_a-exit.o)
                              C:/ST/STM32CubeIDE_1.6.1/STM32CubeIDE/plugins/com.st.stm32cube.ide.mcu.externaltools.gnu-tools-for-stm32.13.3.rel1.win32_1.0.0.202411081344/tools/bin/../lib/gcc/arm-none-eabi/13.3.1/../../../../arm-none-eabi/lib/thumb/v6-m/nofp/crt0.o (exit)
C:/ST/STM32CubeIDE_1.6.1/STM32CubeIDE/plugins/com.st.stm32cube.ide.mcu.externaltools.gnu-tools-for-stm32.13.3.rel1.win32_1.0.0.202411081344/tools/bin/../lib/gcc/arm-none-eabi/13.3.1/../../../../arm-none-eabi/lib/thumb/v6-m/nofp\libc_nano.a(libc_a-findfp.o)
                              C:/ST/STM32CubeIDE_1.6.1/STM32CubeIDE/plugins/com.st.stm32cube.ide.mcu.externaltools.gnu-tools-for-stm32.13.3.rel1.win32_1.0.0.202411081344/tools/bin/../lib/gcc/arm-none-eabi/13.3.1/../../../../arm-none-eabi/lib/thumb/v6-m/nofp\libc_nano.a(libc_a-exit.o) (__stdio_exit_handler)
C:/ST/STM32CubeIDE_1.6.1/STM32CubeIDE/plugins/com.st.stm32cube.ide.mcu.externaltools.gnu-tools-for-stm32.13.3.rel1.win32_1.0.0.202411081344/tools/bin/../lib/gcc/arm-none-eabi/13.3.1/../../../../arm-none-eabi/lib/thumb/v6-m/nofp\libc_nano.a(libc_a-fwalk.o)
                              C:/ST/STM32CubeIDE_1.6.1/STM32CubeIDE/plugins/com.st.stm32cube.ide.mcu.externaltools.gnu-tools-for-stm32.13.3.rel1.win32_1.0.0.202411081344/tools/bin/../lib/gcc/arm-none-eabi/13.3.1/../../../../arm-none-eabi/lib/thumb/v6-m/nofp\libc_nano.a(libc_a-findfp.o) (_fwalk_sglue)
C:/ST/STM32CubeIDE_1.6.1/STM32CubeIDE/plugins/com.st.stm32cube.ide.mcu.externaltools.gnu-tools-for-stm32.13.3.rel1.win32_1.0.0.202411081344/tools/bin/../lib/gcc/arm-none-eabi/13.3.1/../../../../arm-none-eabi/lib/thumb/v6-m/nofp\libc_nano.a(libc_a-puts.o)
                              ./Core/Src/app_threadx.o (puts)
C:/ST/STM32CubeIDE_1.6.1/STM32CubeIDE/plugins/com.st.stm32cube.ide.mcu.externaltools.gnu-tools-for-stm32.13.3.rel1.win32_1.0.0.202411081344/tools/bin/../lib/gcc/arm-none-eabi/13.3.1/../../../../arm-none-eabi/lib/thumb/v6-m/nofp\libc_nano.a(libc_a-sprintf.o)
                              ./Core/Src/app_threadx.o (sprintf)
C:/ST/STM32CubeIDE_1.6.1/STM32CubeIDE/plugins/com.st.stm32cube.ide.mcu.externaltools.gnu-tools-for-stm32.13.3.rel1.win32_1.0.0.202411081344/tools/bin/../lib/gcc/arm-none-eabi/13.3.1/../../../../arm-none-eabi/lib/thumb/v6-m/nofp\libc_nano.a(libc_a-stdio.o)
                              C:/ST/STM32CubeIDE_1.6.1/STM32CubeIDE/plugins/com.st.stm32cube.ide.mcu.externaltools.gnu-tools-for-stm32.13.3.rel1.win32_1.0.0.202411081344/tools/bin/../lib/gcc/arm-none-eabi/13.3.1/../../../../arm-none-eabi/lib/thumb/v6-m/nofp\libc_nano.a(libc_a-findfp.o) (__sread)
C:/ST/STM32CubeIDE_1.6.1/STM32CubeIDE/plugins/com.st.stm32cube.ide.mcu.externaltools.gnu-tools-for-stm32.13.3.rel1.win32_1.0.0.202411081344/tools/bin/../lib/gcc/arm-none-eabi/13.3.1/../../../../arm-none-eabi/lib/thumb/v6-m/nofp\libc_nano.a(libc_a-wbuf.o)
                              C:/ST/STM32CubeIDE_1.6.1/STM32CubeIDE/plugins/com.st.stm32cube.ide.mcu.externaltools.gnu-tools-for-stm32.13.3.rel1.win32_1.0.0.202411081344/tools/bin/../lib/gcc/arm-none-eabi/13.3.1/../../../../arm-none-eabi/lib/thumb/v6-m/nofp\libc_nano.a(libc_a-puts.o) (__swbuf_r)
C:/ST/STM32CubeIDE_1.6.1/STM32CubeIDE/plugins/com.st.stm32cube.ide.mcu.externaltools.gnu-tools-for-stm32.13.3.rel1.win32_1.0.0.202411081344/tools/bin/../lib/gcc/arm-none-eabi/13.3.1/../../../../arm-none-eabi/lib/thumb/v6-m/nofp\libc_nano.a(libc_a-wsetup.o)
                              C:/ST/STM32CubeIDE_1.6.1/STM32CubeIDE/plugins/com.st.stm32cube.ide.mcu.externaltools.gnu-tools-for-stm32.13.3.rel1.win32_1.0.0.202411081344/tools/bin/../lib/gcc/arm-none-eabi/13.3.1/../../../../arm-none-eabi/lib/thumb/v6-m/nofp\libc_nano.a(libc_a-puts.o) (__swsetup_r)
C:/ST/STM32CubeIDE_1.6.1/STM32CubeIDE/plugins/com.st.stm32cube.ide.mcu.externaltools.gnu-tools-for-stm32.13.3.rel1.win32_1.0.0.202411081344/tools/bin/../lib/gcc/arm-none-eabi/13.3.1/../../../../arm-none-eabi/lib/thumb/v6-m/nofp\libc_nano.a(libc_a-memset.o)
                              C:/ST/STM32CubeIDE_1.6.1/STM32CubeIDE/plugins/com.st.stm32cube.ide.mcu.externaltools.gnu-tools-for-stm32.13.3.rel1.win32_1.0.0.202411081344/tools/bin/../lib/gcc/arm-none-eabi/13.3.1/../../../../arm-none-eabi/lib/thumb/v6-m/nofp/crt0.o (memset)
C:/ST/STM32CubeIDE_1.6.1/STM32CubeIDE/plugins/com.st.stm32cube.ide.mcu.externaltools.gnu-tools-for-stm32.13.3.rel1.win32_1.0.0.202411081344/tools/bin/../lib/gcc/arm-none-eabi/13.3.1/../../../../arm-none-eabi/lib/thumb/v6-m/nofp\libc_nano.a(libc_a-closer.o)
[...]
Memory Configuration

Name             Origin             Length             Attributes
RAM              0x20000000         0x00003000         xrw
FLASH            0x08000000         0x00008000         xr
*default*        0x00000000         0xffffffff

Linker script and memory map

LOAD C:/ST/STM32CubeIDE_1.6.1/STM32CubeIDE/plugins/com.st.stm32cube.ide.mcu.externaltools.gnu-tools-for-stm32.13.3.rel1.win32_1.0.0.202411081344/tools/bin/../lib/gcc/arm-none-eabi/13.3.1/thumb/v6-m/nofp/crti.o
LOAD C:/ST/STM32CubeIDE_1.6.1/STM32CubeIDE/plugins/com.st.stm32cube.ide.mcu.externaltools.gnu-tools-for-stm32.13.3.rel1.win32_1.0.0.202411081344/tools/bin/../lib/gcc/arm-none-eabi/13.3.1/thumb/v6-m/nofp/crtbegin.o
LOAD C:/ST/STM32CubeIDE_1.6.1/STM32CubeIDE/plugins/com.st.stm32cube.ide.mcu.externaltools.gnu-tools-for-stm32.13.3.rel1.win32_1.0.0.202411081344/tools/bin/../lib/gcc/arm-none-eabi/13.3.1/../../../../arm-none-eabi/lib/thumb/v6-m/nofp/crt0.o
LOAD ./AZURE_RTOS/App/app_azure_rtos.o
LOAD ./Core/Src/app_threadx.o
LOAD ./Core/Src/main.o
LOAD ./Core/Src/stm32c0xx_hal_msp.o
LOAD ./Core/Src/stm32c0xx_hal_timebase_tim.o
LOAD ./Core/Src/stm32c0xx_it.o
LOAD ./Core/Src/syscalls.o
LOAD ./Core/Src/sysmem.o
LOAD ./Core/Src/system_stm32c0xx.o
LOAD ./Core/Src/tx_initialize_low_level.o
LOAD ./Core/Startup/startup_stm32c031c6tx.o
LOAD ./Drivers/BSP/STM32C0xx_Nucleo/stm32c0xx_nucleo.o
LOAD ./Drivers/STM32C0xx_HAL_Driver/Src/stm32c0xx_hal.o
LOAD ./Drivers/STM32C0xx_HAL_Driver/Src/stm32c0xx_hal_cortex.o
LOAD ./Drivers/STM32C0xx_HAL_Driver/Src/stm32c0xx_hal_dma.o
LOAD ./Drivers/STM32C0xx_HAL_Driver/Src/stm32c0xx_hal_dma_ex.o
LOAD ./Drivers/STM32C0xx_HAL_Driver/Src/stm32c0xx_hal_exti.o
LOAD ./Drivers/STM32C0xx_HAL_Driver/Src/stm32c0xx_hal_flash.o
LOAD ./Drivers/STM32C0xx_HAL_Driver/Src/stm32c0xx_hal_flash_ex.o
LOAD ./Drivers/STM32C0xx_HAL_Driver/Src/stm32c0xx_hal_gpio.o
LOAD ./Drivers/STM32C0xx_HAL_Driver/Src/stm32c0xx_hal_pwr.o
LOAD ./Drivers/STM32C0xx_HAL_Driver/Src/stm32c0xx_hal_pwr_ex.o
LOAD ./Drivers/STM32C0xx_HAL_Driver/Src/stm32c0xx_hal_rcc.o
LOAD ./Drivers/STM32C0xx_HAL_Driver/Src/stm32c0xx_hal_rcc_ex.o
LOAD ./Drivers/STM32C0xx_HAL_Driver/Src/stm32c0xx_hal_tim.o
LOAD ./Drivers/STM32C0xx_HAL_Driver/Src/stm32c0xx_hal_tim_ex.o
LOAD ./Drivers/STM32C0xx_HAL_Driver/Src/stm32c0xx_hal_uart.o
LOAD ./Drivers/STM32C0xx_HAL_Driver/Src/stm32c0xx_hal_uart_ex.o
LOAD ./Drivers/STM32C0xx_HAL_Driver/Src/stm32c0xx_hal_usart.o
LOAD ./Drivers/STM32C0xx_HAL_Driver/Src/stm32c0xx_hal_usart_ex.o
LOAD ./Middlewares/ST/threadx/common/src/tx_block_allocate.o
LOAD ./Middlewares/ST/threadx/common/src/tx_block_pool_cleanup.o
LOAD ./Middlewares/ST/threadx/common/src/tx_block_pool_create.o
LOAD ./Middlewares/ST/threadx/common/src/tx_block_pool_delete.o
LOAD ./Middlewares/ST/threadx/common/src/tx_block_pool_info_get.o
LOAD ./Middlewares/ST/threadx/common/src/tx_block_pool_initialize.o
LOAD ./Middlewares/ST/threadx/common/src/tx_block_pool_prioritize.o
LOAD ./Middlewares/ST/threadx/common/src/tx_block_release.o
LOAD ./Middlewares/ST/threadx/common/src/tx_byte_allocate.o
LOAD ./Middlewares/ST/threadx/common/src/tx_byte_pool_cleanup.o
LOAD ./Middlewares/ST/threadx/common/src/tx_byte_pool_create.o
LOAD ./Middlewares/ST/threadx/common/src/tx_byte_pool_delete.o
LOAD ./Middlewares/ST/threadx/common/src/tx_byte_pool_info_get.o
LOAD ./Middlewares/ST/threadx/common/src/tx_byte_pool_initialize.o
LOAD ./Middlewares/ST/threadx/common/src/tx_byte_pool_prioritize.o
LOAD ./Middlewares/ST/threadx/common/src/tx_byte_pool_search.o
LOAD ./Middlewares/ST/threadx/common/src/tx_byte_release.o
LOAD ./Middlewares/ST/threadx/common/src/tx_event_flags_cleanup.o
LOAD ./Middlewares/ST/threadx/common/src/tx_event_flags_create.o
LOAD ./Middlewares/ST/threadx/common/src/tx_event_flags_delete.o
LOAD ./Middlewares/ST/threadx/common/src/tx_event_flags_get.o
LOAD ./Middlewares/ST/threadx/common/src/tx_event_flags_info_get.o
LOAD ./Middlewares/ST/threadx/common/src/tx_event_flags_initialize.o
LOAD ./Middlewares/ST/threadx/common/src/tx_event_flags_set.o
LOAD ./Middlewares/ST/threadx/common/src/tx_event_flags_set_notify.o
LOAD ./Middlewares/ST/threadx/common/src/tx_initialize_high_level.o
LOAD ./Middlewares/ST/threadx/common/src/tx_initialize_kernel_enter.o
LOAD ./Middlewares/ST/threadx/common/src/tx_initialize_kernel_setup.o
LOAD ./Middlewares/ST/threadx/common/src/tx_mutex_cleanup.o
LOAD ./Middlewares/ST/threadx/common/src/tx_mutex_create.o
LOAD ./Middlewares/ST/threadx/common/src/tx_mutex_delete.o
LOAD ./Middlewares/ST/threadx/common/src/tx_mutex_get.o
LOAD ./Middlewares/ST/threadx/common/src/tx_mutex_info_get.o
LOAD ./Middlewares/ST/threadx/common/src/tx_mutex_initialize.o
LOAD ./Middlewares/ST/threadx/common/src/tx_mutex_prioritize.o
LOAD ./Middlewares/ST/threadx/common/src/tx_mutex_priority_change.o
LOAD ./Middlewares/ST/threadx/common/src/tx_mutex_put.o
LOAD ./Middlewares/ST/threadx/common/src/tx_queue_cleanup.o
LOAD ./Middlewares/ST/threadx/common/src/tx_queue_create.o
LOAD ./Middlewares/ST/threadx/common/src/tx_queue_delete.o
LOAD ./Middlewares/ST/threadx/common/src/tx_queue_flush.o
LOAD ./Middlewares/ST/threadx/common/src/tx_queue_front_send.o
LOAD ./Middlewares/ST/threadx/common/src/tx_queue_info_get.o
LOAD ./Middlewares/ST/threadx/common/src/tx_queue_initialize.o
LOAD ./Middlewares/ST/threadx/common/src/tx_queue_prioritize.o
LOAD ./Middlewares/ST/threadx/common/src/tx_queue_receive.o
LOAD ./Middlewares/ST/threadx/common/src/tx_queue_send.o
LOAD ./Middlewares/ST/threadx/common/src/tx_queue_send_notify.o
LOAD ./Middlewares/ST/threadx/common/src/tx_semaphore_ceiling_put.o
LOAD ./Middlewares/ST/threadx/common/src/tx_semaphore_cleanup.o
LOAD ./Middlewares/ST/threadx/common/src/tx_semaphore_create.o
LOAD ./Middlewares/ST/threadx/common/src/tx_semaphore_delete.o
LOAD ./Middlewares/ST/threadx/common/src/tx_semaphore_get.o
LOAD ./Middlewares/ST/threadx/common/src/tx_semaphore_info_get.o
LOAD ./Middlewares/ST/threadx/common/src/tx_semaphore_initialize.o
LOAD ./Middlewares/ST/threadx/common/src/tx_semaphore_prioritize.o
LOAD ./Middlewares/ST/threadx/common/src/tx_semaphore_put.o
LOAD ./Middlewares/ST/threadx/common/src/tx_semaphore_put_notify.o
LOAD ./Middlewares/ST/threadx/common/src/tx_thread_create.o
LOAD ./Middlewares/ST/threadx/common/src/tx_thread_delete.o
LOAD ./Middlewares/ST/threadx/common/src/tx_thread_entry_exit_notify.o
LOAD ./Middlewares/ST/threadx/common/src/tx_thread_identify.o
LOAD ./Middlewares/ST/threadx/common/src/tx_thread_info_get.o
LOAD ./Middlewares/ST/threadx/common/src/tx_thread_initialize.o
LOAD ./Middlewares/ST/threadx/common/src/tx_thread_preemption_change.o
LOAD ./Middlewares/ST/threadx/common/src/tx_thread_priority_change.o
LOAD ./Middlewares/ST/threadx/common/src/tx_thread_relinquish.o
LOAD ./Middlewares/ST/threadx/common/src/tx_thread_reset.o
LOAD ./Middlewares/ST/threadx/common/src/tx_thread_resume.o
LOAD ./Middlewares/ST/threadx/common/src/tx_thread_shell_entry.o
LOAD ./Middlewares/ST/threadx/common/src/tx_thread_sleep.o
LOAD ./Middlewares/ST/threadx/common/src/tx_thread_stack_analyze.o
LOAD ./Middlewares/ST/threadx/common/src/tx_thread_stack_error_handler.o
LOAD ./Middlewares/ST/threadx/common/src/tx_thread_stack_error_notify.o
LOAD ./Middlewares/ST/threadx/common/src/tx_thread_suspend.o
LOAD ./Middlewares/ST/threadx/common/src/tx_thread_system_preempt_check.o
LOAD ./Middlewares/ST/threadx/common/src/tx_thread_system_resume.o
LOAD ./Middlewares/ST/threadx/common/src/tx_thread_system_suspend.o
LOAD ./Middlewares/ST/threadx/common/src/tx_thread_terminate.o
LOAD ./Middlewares/ST/threadx/common/src/tx_thread_time_slice.o
LOAD ./Middlewares/ST/threadx/common/src/tx_thread_time_slice_change.o
LOAD ./Middlewares/ST/threadx/common/src/tx_thread_timeout.o
LOAD ./Middlewares/ST/threadx/common/src/tx_thread_wait_abort.o
LOAD ./Middlewares/ST/threadx/common/src/tx_time_get.o
LOAD ./Middlewares/ST/threadx/common/src/tx_time_set.o
LOAD ./Middlewares/ST/threadx/common/src/tx_timer_activate.o
LOAD ./Middlewares/ST/threadx/common/src/tx_timer_change.o
LOAD ./Middlewares/ST/threadx/common/src/tx_timer_create.o
LOAD ./Middlewares/ST/threadx/common/src/tx_timer_deactivate.o
LOAD ./Middlewares/ST/threadx/common/src/tx_timer_delete.o
LOAD ./Middlewares/ST/threadx/common/src/tx_timer_expiration_process.o
LOAD ./Middlewares/ST/threadx/common/src/tx_timer_info_get.o
LOAD ./Middlewares/ST/threadx/common/src/tx_timer_initialize.o
LOAD ./Middlewares/ST/threadx/common/src/tx_timer_system_activate.o
LOAD ./Middlewares/ST/threadx/common/src/tx_timer_system_deactivate.o
LOAD ./Middlewares/ST/threadx/common/src/tx_timer_thread_entry.o
LOAD ./Middlewares/ST/threadx/common/src/txe_block_allocate.o
LOAD ./Middlewares/ST/threadx/common/src/txe_block_pool_create.o
LOAD ./Middlewares/ST/threadx/common/src/txe_block_pool_delete.o
LOAD ./Middlewares/ST/threadx/common/src/txe_block_pool_info_get.o
LOAD ./Middlewares/ST/threadx/common/src/txe_block_pool_prioritize.o
LOAD ./Middlewares/ST/threadx/common/src/txe_block_release.o
LOAD ./Middlewares/ST/threadx/common/src/txe_byte_allocate.o
LOAD ./Middlewares/ST/threadx/common/src/txe_byte_pool_create.o
LOAD ./Middlewares/ST/threadx/common/src/txe_byte_pool_delete.o
LOAD ./Middlewares/ST/threadx/common/src/txe_byte_pool_info_get.o
LOAD ./Middlewares/ST/threadx/common/src/txe_byte_pool_prioritize.o
LOAD ./Middlewares/ST/threadx/common/src/txe_byte_release.o
LOAD ./Middlewares/ST/threadx/common/src/txe_event_flags_create.o
LOAD ./Middlewares/ST/threadx/common/src/txe_event_flags_delete.o
LOAD ./Middlewares/ST/threadx/common/src/txe_event_flags_get.o
LOAD ./Middlewares/ST/threadx/common/src/txe_event_flags_info_get.o
LOAD ./Middlewares/ST/threadx/common/src/txe_event_flags_set.o
LOAD ./Middlewares/ST/threadx/common/src/txe_event_flags_set_notify.o
LOAD ./Middlewares/ST/threadx/common/src/txe_mutex_create.o
LOAD ./Middlewares/ST/threadx/common/src/txe_mutex_delete.o
LOAD ./Middlewares/ST/threadx/common/src/txe_mutex_get.o
LOAD ./Middlewares/ST/threadx/common/src/txe_mutex_info_get.o
LOAD ./Middlewares/ST/threadx/common/src/txe_mutex_prioritize.o
LOAD ./Middlewares/ST/threadx/common/src/txe_mutex_put.o
LOAD ./Middlewares/ST/threadx/common/src/txe_queue_create.o
LOAD ./Middlewares/ST/threadx/common/src/txe_queue_delete.o
LOAD ./Middlewares/ST/threadx/common/src/txe_queue_flush.o
LOAD ./Middlewares/ST/threadx/common/src/txe_queue_front_send.o
LOAD ./Middlewares/ST/threadx/common/src/txe_queue_info_get.o
LOAD ./Middlewares/ST/threadx/common/src/txe_queue_prioritize.o
LOAD ./Middlewares/ST/threadx/common/src/txe_queue_receive.o
LOAD ./Middlewares/ST/threadx/common/src/txe_queue_send.o
LOAD ./Middlewares/ST/threadx/common/src/txe_queue_send_notify.o
LOAD ./Middlewares/ST/threadx/common/src/txe_semaphore_ceiling_put.o
LOAD ./Middlewares/ST/threadx/common/src/txe_semaphore_create.o
LOAD ./Middlewares/ST/threadx/common/src/txe_semaphore_delete.o
LOAD ./Middlewares/ST/threadx/common/src/txe_semaphore_get.o
LOAD ./Middlewares/ST/threadx/common/src/txe_semaphore_info_get.o
LOAD ./Middlewares/ST/threadx/common/src/txe_semaphore_prioritize.o
LOAD ./Middlewares/ST/threadx/common/src/txe_semaphore_put.o
LOAD ./Middlewares/ST/threadx/common/src/txe_semaphore_put_notify.o
LOAD ./Middlewares/ST/threadx/common/src/txe_thread_create.o
LOAD ./Middlewares/ST/threadx/common/src/txe_thread_delete.o
LOAD ./Middlewares/ST/threadx/common/src/txe_thread_entry_exit_notify.o
LOAD ./Middlewares/ST/threadx/common/src/txe_thread_info_get.o
LOAD ./Middlewares/ST/threadx/common/src/txe_thread_preemption_change.o
LOAD ./Middlewares/ST/threadx/common/src/txe_thread_priority_change.o
LOAD ./Middlewares/ST/threadx/common/src/txe_thread_relinquish.o
LOAD ./Middlewares/ST/threadx/common/src/txe_thread_reset.o
LOAD ./Middlewares/ST/threadx/common/src/txe_thread_resume.o
LOAD ./Middlewares/ST/threadx/common/src/txe_thread_suspend.o
LOAD ./Middlewares/ST/threadx/common/src/txe_thread_terminate.o
LOAD ./Middlewares/ST/threadx/common/src/txe_thread_time_slice_change.o
LOAD ./Middlewares/ST/threadx/common/src/txe_thread_wait_abort.o
LOAD ./Middlewares/ST/threadx/common/src/txe_timer_activate.o
LOAD ./Middlewares/ST/threadx/common/src/txe_timer_change.o
LOAD ./Middlewares/ST/threadx/common/src/txe_timer_create.o
LOAD ./Middlewares/ST/threadx/common/src/txe_timer_deactivate.o
LOAD ./Middlewares/ST/threadx/common/src/txe_timer_delete.o
LOAD ./Middlewares/ST/threadx/common/src/txe_timer_info_get.o
LOAD ./Middlewares/ST/threadx/ports/cortex_m0/gnu/src/tx_thread_context_restore.o
LOAD ./Middlewares/ST/threadx/ports/cortex_m0/gnu/src/tx_thread_context_save.o
LOAD ./Middlewares/ST/threadx/ports/cortex_m0/gnu/src/tx_thread_interrupt_control.o
LOAD ./Middlewares/ST/threadx/ports/cortex_m0/gnu/src/tx_thread_interrupt_disable.o
LOAD ./Middlewares/ST/threadx/ports/cortex_m0/gnu/src/tx_thread_interrupt_restore.o
LOAD ./Middlewares/ST/threadx/ports/cortex_m0/gnu/src/tx_thread_schedule.o
LOAD ./Middlewares/ST/threadx/ports/cortex_m0/gnu/src/tx_thread_stack_build.o
LOAD ./Middlewares/ST/threadx/ports/cortex_m0/gnu/src/tx_thread_system_return.o
LOAD ./Middlewares/ST/threadx/ports/cortex_m0/gnu/src/tx_timer_interrupt.o
START GROUP
LOAD C:/ST/STM32CubeIDE_1.6.1/STM32CubeIDE/plugins/com.st.stm32cube.ide.mcu.externaltools.gnu-tools-for-stm32.13.3.rel1.win32_1.0.0.202411081344/tools/bin/../lib/gcc/arm-none-eabi/13.3.1/../../../../arm-none-eabi/lib/thumb/v6-m/nofp\libc_nano.a
LOAD C:/ST/STM32CubeIDE_1.6.1/STM32CubeIDE/plugins/com.st.stm32cube.ide.mcu.externaltools.gnu-tools-for-stm32.13.3.rel1.win32_1.0.0.202411081344/tools/bin/../lib/gcc/arm-none-eabi/13.3.1/../../../../arm-none-eabi/lib/thumb/v6-m/nofp\libm.a
END GROUP
START GROUP
LOAD C:/ST/STM32CubeIDE_1.6.1/STM32CubeIDE/plugins/com.st.stm32cube.ide.mcu.externaltools.gnu-tools-for-stm32.13.3.rel1.win32_1.0.0.202411081344/tools/bin/../lib/gcc/arm-none-eabi/13.3.1/thumb/v6-m/nofp\libgcc.a
LOAD C:/ST/STM32CubeIDE_1.6.1/STM32CubeIDE/plugins/com.st.stm32cube.ide.mcu.externaltools.gnu-tools-for-stm32.13.3.rel1.win32_1.0.0.202411081344/tools/bin/../lib/gcc/arm-none-eabi/13.3.1/../../../../arm-none-eabi/lib/thumb/v6-m/nofp\libc_nano.a
END GROUP
START GROUP
LOAD C:/ST/STM32CubeIDE_1.6.1/STM32CubeIDE/plugins/com.st.stm32cube.ide.mcu.externaltools.gnu-tools-for-stm32.13.3.rel1.win32_1.0.0.202411081344/tools/bin/../lib/gcc/arm-none-eabi/13.3.1/thumb/v6-m/nofp\libgcc.a
LOAD C:/ST/STM32CubeIDE_1.6.1/STM32CubeIDE/plugins/com.st.stm32cube.ide.mcu.externaltools.gnu-tools-for-stm32.13.3.rel1.win32_1.0.0.202411081344/tools/bin/../lib/gcc/arm-none-eabi/13.3.1/../../../../arm-none-eabi/lib/thumb/v6-m/nofp\libc_nano.a
LOAD C:/ST/STM32CubeIDE_1.6.1/STM32CubeIDE/plugins/com.st.stm32cube.ide.mcu.externaltools.gnu-tools-for-stm32.13.3.rel1.win32_1.0.0.202411081344/tools/bin/../lib/gcc/arm-none-eabi/13.3.1/../../../../arm-none-eabi/lib/thumb/v6-m/nofp\libnosys.a
END GROUP
START GROUP
LOAD C:/ST/STM32CubeIDE_1.6.1/STM32CubeIDE/plugins/com.st.stm32cube.ide.mcu.externaltools.gnu-tools-for-stm32.13.3.rel1.win32_1.0.0.202411081344/tools/bin/../lib/gcc/arm-none-eabi/13.3.1/thumb/v6-m/nofp\libgcc.a
LOAD C:/ST/STM32CubeIDE_1.6.1/STM32CubeIDE/plugins/com.st.stm32cube.ide.mcu.externaltools.gnu-tools-for-stm32.13.3.rel1.win32_1.0.0.202411081344/tools/bin/../lib/gcc/arm-none-eabi/13.3.1/../../../../arm-none-eabi/lib/thumb/v6-m/nofp\libc_nano.a
LOAD C:/ST/STM32CubeIDE_1.6.1/STM32CubeIDE/plugins/com.st.stm32cube.ide.mcu.externaltools.gnu-tools-for-stm32.13.3.rel1.win32_1.0.0.202411081344/tools/bin/../lib/gcc/arm-none-eabi/13.3.1/../../../../arm-none-eabi/lib/thumb/v6-m/nofp\libnosys.a
END GROUP
LOAD C:/ST/STM32CubeIDE_1.6.1/STM32CubeIDE/plugins/com.st.stm32cube.ide.mcu.externaltools.gnu-tools-for-stm32.13.3.rel1.win32_1.0.0.202411081344/tools/bin/../lib/gcc/arm-none-eabi/13.3.1/thumb/v6-m/nofp/crtend.o
LOAD C:/ST/STM32CubeIDE_1.6.1/STM32CubeIDE/plugins/com.st.stm32cube.ide.mcu.externaltools.gnu-tools-for-stm32.13.3.rel1.win32_1.0.0.202411081344/tools/bin/../lib/gcc/arm-none-eabi/13.3.1/thumb/v6-m/nofp/crtn.o
                0x20003000                        _estack = (ORIGIN (RAM) + LENGTH (RAM))
                0x00000200                        _Min_Heap_Size = 0x200
                0x00000400                        _Min_Stack_Size = 0x400

.isr_vector     0x08000000       0xc0
                0x08000000                        . = ALIGN (0x4)
 *(.isr_vector)
 .isr_vector    0x08000000       0xc0 ./Core/Startup/startup_stm32c031c6tx.o
                0x08000000                g_pfnVectors
                0x080000c0                        . = ALIGN (0x4)

.text           0x080000c0     0x3660
                0x080000c0                        . = ALIGN (0x4)
 *(.text)
 .text          0x080000c0       0x48 C:/ST/STM32CubeIDE_1.6.1/STM32CubeIDE/plugins/com.st.stm32cube.ide.mcu.externaltools.gnu-tools-for-stm32.13.3.rel1.win32_1.0.0.202411081344/tools/bin/../lib/gcc/arm-none-eabi/13.3.1/thumb/v6-m/nofp/crtbegin.o
 *fill*         0x08000108        0x8 
 .text          0x08000110       0x8c ./Core/Src/tx_initialize_low_level.o
                0x08000110                _tx_initialize_low_level
                0x0800014e                __tx_BadHandler
                0x08000150                __tx_HardfaultHandler
                0x08000152                __tx_IntHandler
                0x0800015a                __tx_SysTickHandler
                0x0800015a                SysTick_Handler
                0x08000166                __tx_NMIHandler
                0x08000168                __tx_DBGHandler
 *fill*         0x0800019c        0x4 
 .text          0x080001a0       0xb8 ./Middlewares/ST/threadx/ports/cortex_m0/gnu/src/tx_thread_schedule.o
                0x080001a0                _tx_thread_schedule
                0x080001b8                __tx_SVCallHandler
                0x080001b8                __tx_PendSVHandler
                0x080001b8                PendSV_Handler
 *fill*         0x08000258        0x8 
 .text          0x08000260       0x44 ./Middlewares/ST/threadx/ports/cortex_m0/gnu/src/tx_thread_stack_build.o
                0x08000260                _tx_thread_stack_build
 *fill*         0x080002a4        0xc 
 .text          0x080002b0       0xc0 ./Middlewares/ST/threadx/ports/cortex_m0/gnu/src/tx_timer_interrupt.o
                0x080002b0                _tx_timer_interrupt
 .text          0x08000370       0x14 C:/ST/STM32CubeIDE_1.6.1/STM32CubeIDE/plugins/com.st.stm32cube.ide.mcu.externaltools.gnu-tools-for-stm32.13.3.rel1.win32_1.0.0.202411081344/tools/bin/../lib/gcc/arm-none-eabi/13.3.1/thumb/v6-m/nofp\libgcc.a(_thumb1_case_uqi.o)
                0x08000370                __gnu_thumb1_case_uqi
 .text          0x08000384       0x14 C:/ST/STM32CubeIDE_1.6.1/STM32CubeIDE/plugins/com.st.stm32cube.ide.mcu.externaltools.gnu-tools-for-stm32.13.3.rel1.win32_1.0.0.202411081344/tools/bin/../lib/gcc/arm-none-eabi/13.3.1/thumb/v6-m/nofp\libgcc.a(_thumb1_case_shi.o)
                0x08000384                __gnu_thumb1_case_shi
 .text          0x08000398      0x114 C:/ST/STM32CubeIDE_1.6.1/STM32CubeIDE/plugins/com.st.stm32cube.ide.mcu.externaltools.gnu-tools-for-stm32.13.3.rel1.win32_1.0.0.202411081344/tools/bin/../lib/gcc/arm-none-eabi/13.3.1/thumb/v6-m/nofp\libgcc.a(_udivsi3.o)
                0x08000398                __aeabi_uidiv
                0x08000398                __udivsi3
                0x080004a4                __aeabi_uidivmod
 .text          0x080004ac        0x4 C:/ST/STM32CubeIDE_1.6.1/STM32CubeIDE/plugins/com.st.stm32cube.ide.mcu.externaltools.gnu-tools-for-stm32.13.3.rel1.win32_1.0.0.202411081344/tools/bin/../lib/gcc/arm-none-eabi/13.3.1/thumb/v6-m/nofp\libgcc.a(_dvmd_tls.o)
                0x080004ac                __aeabi_idiv0
                0x080004ac                __aeabi_ldiv0
 *(.text*)
 .text.tx_application_define
                0x080004b0       0x34 ./AZURE_RTOS/App/app_azure_rtos.o
                0x080004b0                tx_application_define
 .text.App_Led_Group_Function
                0x080004e4        0x2 ./Core/Src/app_threadx.o
                0x080004e4                App_Led_Group_Function
 *fill*         0x080004e6        0x2 
 .text.App_ThreadX_Init
                0x080004e8       0x80 ./Core/Src/app_threadx.o
                0x080004e8                App_ThreadX_Init
 .text.MX_ThreadX_Init
                0x08000568       0x1c ./Core/Src/app_threadx.o
                0x08000568                MX_ThreadX_Init
 .text.SystemClock_Config
                0x08000584       0x60 ./Core/Src/main.o
                0x08000584                SystemClock_Config
 .text.startup.main
                0x080005e4      0x120 ./Core/Src/main.o
                0x080005e4                main
 .text.HAL_TIM_PeriodElapsedCallback
                0x08000704       0x14 ./Core/Src/main.o
                0x08000704                HAL_TIM_PeriodElapsedCallback
 .text.HAL_MspInit
                0x08000718       0x30 ./Core/Src/stm32c0xx_hal_msp.o
                0x08000718                HAL_MspInit
 .text.HAL_InitTick
                0x08000748       0x88 ./Core/Src/stm32c0xx_hal_timebase_tim.o
                0x08000748                HAL_InitTick
 .text.NMI_Handler
                0x080007d0        0x2 ./Core/Src/stm32c0xx_it.o
                0x080007d0                NMI_Handler
 .text.HardFault_Handler
                0x080007d2        0x2 ./Core/Src/stm32c0xx_it.o
                0x080007d2                HardFault_Handler
 .text.TIM14_IRQHandler
                0x080007d4       0x10 ./Core/Src/stm32c0xx_it.o
                0x080007d4                TIM14_IRQHandler
 .text._read    0x080007e4       0x1a ./Core/Src/syscalls.o
                0x080007e4                _read
 .text._write   0x080007fe       0x1a ./Core/Src/syscalls.o
                0x080007fe                _write
 .text._close   0x08000818        0x6 ./Core/Src/syscalls.o
                0x08000818                _close
 .text._fstat   0x0800081e        0xa ./Core/Src/syscalls.o
                0x0800081e                _fstat
 .text._isatty  0x08000828        0x4 ./Core/Src/syscalls.o
                0x08000828                _isatty
 .text._lseek   0x0800082c        0x4 ./Core/Src/syscalls.o
                0x0800082c                _lseek
 .text._sbrk    0x08000830       0x40 ./Core/Src/sysmem.o
                0x08000830                _sbrk
 .text.SystemInit
                0x08000870       0x10 ./Core/Src/system_stm32c0xx.o
                0x08000870                SystemInit
 .text.Reset_Handler
                0x08000880       0x50 ./Core/Startup/startup_stm32c031c6tx.o
                0x08000880                Reset_Handler
 .text.Default_Handler
                0x080008d0        0x2 ./Core/Startup/startup_stm32c031c6tx.o
                0x080008d0                TIM1_CC_IRQHandler
                0x080008d0                I2C1_IRQHandler
                0x080008d0                DMAMUX1_IRQHandler
                0x080008d0                SPI1_IRQHandler
                0x080008d0                EXTI2_3_IRQHandler
                0x080008d0                ADC1_IRQHandler
                0x080008d0                TIM17_IRQHandler
                0x080008d0                RTC_IRQHandler
                0x080008d0                TIM16_IRQHandler
                0x080008d0                TIM3_IRQHandler
                0x080008d0                EXTI4_15_IRQHandler
                0x080008d0                RCC_IRQHandler
                0x080008d0                DMA1_Channel1_IRQHandler
                0x080008d0                Default_Handler
                0x080008d0                EXTI0_1_IRQHandler
                0x080008d0                SVC_Handler
                0x080008d0                WWDG_IRQHandler
                0x080008d0                DMA1_Channel2_3_IRQHandler
                0x080008d0                USART2_IRQHandler
                0x080008d0                FLASH_IRQHandler
                0x080008d0                USART1_IRQHandler
                0x080008d0                TIM1_BRK_UP_TRG_COM_IRQHandler
 *fill*         0x080008d2        0x2 
 .text.MX_USART2_Init
                0x080008d4       0x34 ./Drivers/BSP/STM32C0xx_Nucleo/stm32c0xx_nucleo.o
                0x080008d4                MX_USART2_Init
 .text.BSP_COM_Init
                0x08000908       0x88 ./Drivers/BSP/STM32C0xx_Nucleo/stm32c0xx_nucleo.o
                0x08000908                BSP_COM_Init
 .text.__io_putchar
                0x08000990       0x28 ./Drivers/BSP/STM32C0xx_Nucleo/stm32c0xx_nucleo.o
                0x08000990                __io_putchar
 .text.HAL_Init
                0x080009b8       0x18 ./Drivers/STM32C0xx_HAL_Driver/Src/stm32c0xx_hal.o
                0x080009b8                HAL_Init
 .text.HAL_IncTick
                0x080009d0       0x18 ./Drivers/STM32C0xx_HAL_Driver/Src/stm32c0xx_hal.o
                0x080009d0                HAL_IncTick
 .text.HAL_GetTick
                0x080009e8        0xc ./Drivers/STM32C0xx_HAL_Driver/Src/stm32c0xx_hal.o
                0x080009e8                HAL_GetTick
 .text.HAL_NVIC_SetPriority
                0x080009f4       0x54 ./Drivers/STM32C0xx_HAL_Driver/Src/stm32c0xx_hal_cortex.o
                0x080009f4                HAL_NVIC_SetPriority
 .text.HAL_NVIC_EnableIRQ
                0x08000a48       0x18 ./Drivers/STM32C0xx_HAL_Driver/Src/stm32c0xx_hal_cortex.o
                0x08000a48                HAL_NVIC_EnableIRQ
 .text.HAL_GPIO_Init
                0x08000a60      0x174 ./Drivers/STM32C0xx_HAL_Driver/Src/stm32c0xx_hal_gpio.o
                0x08000a60                HAL_GPIO_Init
 .text.HAL_GPIO_WritePin
                0x08000bd4        0xc ./Drivers/STM32C0xx_HAL_Driver/Src/stm32c0xx_hal_gpio.o
                0x08000bd4                HAL_GPIO_WritePin
 .text.HAL_RCC_OscConfig
                0x08000be0      0x26c ./Drivers/STM32C0xx_HAL_Driver/Src/stm32c0xx_hal_rcc.o
                0x08000be0                HAL_RCC_OscConfig
 .text.HAL_RCC_GetSysClockFreq
                0x08000e4c       0x48 ./Drivers/STM32C0xx_HAL_Driver/Src/stm32c0xx_hal_rcc.o
                0x08000e4c                HAL_RCC_GetSysClockFreq
 .text.HAL_RCC_ClockConfig
                0x08000e94      0x158 ./Drivers/STM32C0xx_HAL_Driver/Src/stm32c0xx_hal_rcc.o
                0x08000e94                HAL_RCC_ClockConfig
 .text.HAL_RCC_GetHCLKFreq
                0x08000fec       0x2c ./Drivers/STM32C0xx_HAL_Driver/Src/stm32c0xx_hal_rcc.o
                0x08000fec                HAL_RCC_GetHCLKFreq
 .text.HAL_RCC_GetPCLK1Freq
                0x08001018       0x24 ./Drivers/STM32C0xx_HAL_Driver/Src/stm32c0xx_hal_rcc.o
                0x08001018                HAL_RCC_GetPCLK1Freq
 .text.HAL_RCC_GetClockConfig
                0x0800103c       0x38 ./Drivers/STM32C0xx_HAL_Driver/Src/stm32c0xx_hal_rcc.o
                0x0800103c                HAL_RCC_GetClockConfig
 .text.HAL_TIM_Base_MspInit
                0x08001074        0x2 ./Drivers/STM32C0xx_HAL_Driver/Src/stm32c0xx_hal_tim.o
                0x08001074                HAL_TIM_Base_MspInit
 *fill*         0x08001076        0x2 
 .text.HAL_TIM_Base_Start_IT
                0x08001078       0x58 ./Drivers/STM32C0xx_HAL_Driver/Src/stm32c0xx_hal_tim.o
                0x08001078                HAL_TIM_Base_Start_IT
 .text.HAL_TIM_OC_DelayElapsedCallback
                0x080010d0        0x2 ./Drivers/STM32C0xx_HAL_Driver/Src/stm32c0xx_hal_tim.o
                0x080010d0                HAL_TIM_OC_DelayElapsedCallback
 .text.HAL_TIM_IC_CaptureCallback
                0x080010d2        0x2 ./Drivers/STM32C0xx_HAL_Driver/Src/stm32c0xx_hal_tim.o
                0x080010d2                HAL_TIM_IC_CaptureCallback
 .text.HAL_TIM_PWM_PulseFinishedCallback
                0x080010d4        0x2 ./Drivers/STM32C0xx_HAL_Driver/Src/stm32c0xx_hal_tim.o
                0x080010d4                HAL_TIM_PWM_PulseFinishedCallback
 .text.HAL_TIM_TriggerCallback
                0x080010d6        0x2 ./Drivers/STM32C0xx_HAL_Driver/Src/stm32c0xx_hal_tim.o
                0x080010d6                HAL_TIM_TriggerCallback
 .text.HAL_TIM_IRQHandler
                0x080010d8      0x158 ./Drivers/STM32C0xx_HAL_Driver/Src/stm32c0xx_hal_tim.o
                0x080010d8                HAL_TIM_IRQHandler
 .text.TIM_Base_SetConfig
                0x08001230       0x84 ./Drivers/STM32C0xx_HAL_Driver/Src/stm32c0xx_hal_tim.o
                0x08001230                TIM_Base_SetConfig
 .text.HAL_TIM_Base_Init
                0x080012b4       0x54 ./Drivers/STM32C0xx_HAL_Driver/Src/stm32c0xx_hal_tim.o
                0x080012b4                HAL_TIM_Base_Init
 .text.HAL_TIMEx_CommutCallback
                0x08001308        0x2 ./Drivers/STM32C0xx_HAL_Driver/Src/stm32c0xx_hal_tim_ex.o
                0x08001308                HAL_TIMEx_CommutCallback
 .text.HAL_TIMEx_BreakCallback
                0x0800130a        0x2 ./Drivers/STM32C0xx_HAL_Driver/Src/stm32c0xx_hal_tim_ex.o
                0x0800130a                HAL_TIMEx_BreakCallback
 .text.HAL_TIMEx_Break2Callback
                0x0800130c        0x2 ./Drivers/STM32C0xx_HAL_Driver/Src/stm32c0xx_hal_tim_ex.o
                0x0800130c                HAL_TIMEx_Break2Callback
 *fill*         0x0800130e        0x2 
 .text.UART_EndRxTransfer
                0x08001310       0x64 ./Drivers/STM32C0xx_HAL_Driver/Src/stm32c0xx_hal_uart.o
 .text.HAL_UART_MspInit
                0x08001374        0x2 ./Drivers/STM32C0xx_HAL_Driver/Src/stm32c0xx_hal_uart.o
                0x08001374                HAL_UART_MspInit
 *fill*         0x08001376        0x2 
 .text.UART_SetConfig
                0x08001378      0x184 ./Drivers/STM32C0xx_HAL_Driver/Src/stm32c0xx_hal_uart.o
                0x08001378                UART_SetConfig
 .text.UART_AdvFeatureConfig
                0x080014fc       0xd0 ./Drivers/STM32C0xx_HAL_Driver/Src/stm32c0xx_hal_uart.o
                0x080014fc                UART_AdvFeatureConfig
 .text.UART_WaitOnFlagUntilTimeout
                0x080015cc       0x92 ./Drivers/STM32C0xx_HAL_Driver/Src/stm32c0xx_hal_uart.o
                0x080015cc                UART_WaitOnFlagUntilTimeout
 .text.HAL_UART_Transmit
                0x0800165e       0xd4 ./Drivers/STM32C0xx_HAL_Driver/Src/stm32c0xx_hal_uart.o
                0x0800165e                HAL_UART_Transmit
 *fill*         0x08001732        0x2 
 .text.UART_CheckIdleState
                0x08001734       0xc8 ./Drivers/STM32C0xx_HAL_Driver/Src/stm32c0xx_hal_uart.o
                0x08001734                UART_CheckIdleState
 .text.HAL_UART_Init
                0x080017fc       0x68 ./Drivers/STM32C0xx_HAL_Driver/Src/stm32c0xx_hal_uart.o
                0x080017fc                HAL_UART_Init
 .text._tx_byte_allocate
                0x08001864       0xb8 ./Middlewares/ST/threadx/common/src/tx_byte_allocate.o
                0x08001864                _tx_byte_allocate
 .text._tx_byte_pool_cleanup
                0x0800191c       0x84 ./Middlewares/ST/threadx/common/src/tx_byte_pool_cleanup.o
                0x0800191c                _tx_byte_pool_cleanup
 .text._tx_byte_pool_create
                0x080019a0       0x84 ./Middlewares/ST/threadx/common/src/tx_byte_pool_create.o
                0x080019a0                _tx_byte_pool_create
 .text._tx_byte_pool_search
                0x08001a24       0xe0 ./Middlewares/ST/threadx/common/src/tx_byte_pool_search.o
                0x08001a24                _tx_byte_pool_search
 .text._tx_initialize_high_level
                0x08001b04       0x70 ./Middlewares/ST/threadx/common/src/tx_initialize_high_level.o
                0x08001b04                _tx_initialize_high_level
 .text._tx_initialize_kernel_enter
                0x08001b74       0x48 ./Middlewares/ST/threadx/common/src/tx_initialize_kernel_enter.o
                0x08001b74                _tx_initialize_kernel_enter
 .text._tx_semaphore_create
                0x08001bbc       0x54 ./Middlewares/ST/threadx/common/src/tx_semaphore_create.o
                0x08001bbc                _tx_semaphore_create
 .text._tx_thread_create
                0x08001c10      0x13c ./Middlewares/ST/threadx/common/src/tx_thread_create.o
                0x08001c10                _tx_thread_create
 .text._tx_thread_initialize
                0x08001d4c       0x68 ./Middlewares/ST/threadx/common/src/tx_thread_initialize.o
                0x08001d4c                _tx_thread_initialize
 .text._tx_thread_shell_entry
                0x08001db4       0x48 ./Middlewares/ST/threadx/common/src/tx_thread_shell_entry.o
                0x08001db4                _tx_thread_shell_entry
 .text._tx_thread_system_preempt_check
                0x08001dfc       0x40 ./Middlewares/ST/threadx/common/src/tx_thread_system_preempt_check.o
                0x08001dfc                _tx_thread_system_preempt_check
 .text._tx_thread_system_resume
                0x08001e3c       0xe8 ./Middlewares/ST/threadx/common/src/tx_thread_system_resume.o
                0x08001e3c                _tx_thread_system_resume
 .text._tx_thread_system_suspend
                0x08001f24      0x144 ./Middlewares/ST/threadx/common/src/tx_thread_system_suspend.o
                0x08001f24                _tx_thread_system_suspend
 .text._tx_thread_time_slice
                0x08002068       0x60 ./Middlewares/ST/threadx/common/src/tx_thread_time_slice.o
                0x08002068                _tx_thread_time_slice
 .text._tx_thread_timeout
                0x080020c8       0x38 ./Middlewares/ST/threadx/common/src/tx_thread_timeout.o
                0x080020c8                _tx_thread_timeout
 .text._tx_timer_expiration_process
                0x08002100       0x24 ./Middlewares/ST/threadx/common/src/tx_timer_expiration_process.o
                0x08002100                _tx_timer_expiration_process
 .text._tx_timer_initialize
                0x08002124       0xc8 ./Middlewares/ST/threadx/common/src/tx_timer_initialize.o
                0x08002124                _tx_timer_initialize
 .text._tx_timer_system_activate
                0x080021ec       0x58 ./Middlewares/ST/threadx/common/src/tx_timer_system_activate.o
                0x080021ec                _tx_timer_system_activate
 .text._tx_timer_system_deactivate
                0x08002244       0x2c ./Middlewares/ST/threadx/common/src/tx_timer_system_deactivate.o
                0x08002244                _tx_timer_system_deactivate
 .text._tx_timer_thread_entry
                0x08002270      0x110 ./Middlewares/ST/threadx/common/src/tx_timer_thread_entry.o
                0x08002270                _tx_timer_thread_entry
 .text._txe_byte_allocate
                0x08002380       0x7c ./Middlewares/ST/threadx/common/src/txe_byte_allocate.o
                0x08002380                _txe_byte_allocate
 .text._txe_byte_pool_create
                0x080023fc       0xc0 ./Middlewares/ST/threadx/common/src/txe_byte_pool_create.o
                0x080023fc                _txe_byte_pool_create
 .text._txe_semaphore_create
                0x080024bc       0xa4 ./Middlewares/ST/threadx/common/src/txe_semaphore_create.o
                0x080024bc                _txe_semaphore_create
 .text._txe_thread_create
                0x08002560      0x12c ./Middlewares/ST/threadx/common/src/txe_thread_create.o
                0x08002560                _txe_thread_create
 .text.std      0x0800268c       0x6c C:/ST/STM32CubeIDE_1.6.1/STM32CubeIDE/plugins/com.st.stm32cube.ide.mcu.externaltools.gnu-tools-for-stm32.13.3.rel1.win32_1.0.0.202411081344/tools/bin/../lib/gcc/arm-none-eabi/13.3.1/../../../../arm-none-eabi/lib/thumb/v6-m/nofp\libc_nano.a(libc_a-findfp.o)
 .text.stdio_exit_handler
                0x080026f8       0x1c C:/ST/STM32CubeIDE_1.6.1/STM32CubeIDE/plugins/com.st.stm32cube.ide.mcu.externaltools.gnu-tools-for-stm32.13.3.rel1.win32_1.0.0.202411081344/tools/bin/../lib/gcc/arm-none-eabi/13.3.1/../../../../arm-none-eabi/lib/thumb/v6-m/nofp\libc_nano.a(libc_a-findfp.o)
 .text.cleanup_stdio
                0x08002714       0x3c C:/ST/STM32CubeIDE_1.6.1/STM32CubeIDE/plugins/com.st.stm32cube.ide.mcu.externaltools.gnu-tools-for-stm32.13.3.rel1.win32_1.0.0.202411081344/tools/bin/../lib/gcc/arm-none-eabi/13.3.1/../../../../arm-none-eabi/lib/thumb/v6-m/nofp\libc_nano.a(libc_a-findfp.o)
 .text.global_stdio_init.part.0
                0x08002750       0x3c C:/ST/STM32CubeIDE_1.6.1/STM32CubeIDE/plugins/com.st.stm32cube.ide.mcu.externaltools.gnu-tools-for-stm32.13.3.rel1.win32_1.0.0.202411081344/tools/bin/../lib/gcc/arm-none-eabi/13.3.1/../../../../arm-none-eabi/lib/thumb/v6-m/nofp\libc_nano.a(libc_a-findfp.o)
 .text.__sfp_lock_acquire
                0x0800278c       0x10 C:/ST/STM32CubeIDE_1.6.1/STM32CubeIDE/plugins/com.st.stm32cube.ide.mcu.externaltools.gnu-tools-for-stm32.13.3.rel1.win32_1.0.0.202411081344/tools/bin/../lib/gcc/arm-none-eabi/13.3.1/../../../../arm-none-eabi/lib/thumb/v6-m/nofp\libc_nano.a(libc_a-findfp.o)
                0x0800278c                __sfp_lock_acquire
 .text.__sfp_lock_release
                0x0800279c       0x10 C:/ST/STM32CubeIDE_1.6.1/STM32CubeIDE/plugins/com.st.stm32cube.ide.mcu.externaltools.gnu-tools-for-stm32.13.3.rel1.win32_1.0.0.202411081344/tools/bin/../lib/gcc/arm-none-eabi/13.3.1/../../../../arm-none-eabi/lib/thumb/v6-m/nofp\libc_nano.a(libc_a-findfp.o)
                0x0800279c                __sfp_lock_release
 .text.__sinit  0x080027ac       0x30 C:/ST/STM32CubeIDE_1.6.1/STM32CubeIDE/plugins/com.st.stm32cube.ide.mcu.externaltools.gnu-tools-for-stm32.13.3.rel1.win32_1.0.0.202411081344/tools/bin/../lib/gcc/arm-none-eabi/13.3.1/../../../../arm-none-eabi/lib/thumb/v6-m/nofp\libc_nano.a(libc_a-findfp.o)
                0x080027ac                __sinit
 .text._fwalk_sglue
                0x080027dc       0x38 C:/ST/STM32CubeIDE_1.6.1/STM32CubeIDE/plugins/com.st.stm32cube.ide.mcu.externaltools.gnu-tools-for-stm32.13.3.rel1.win32_1.0.0.202411081344/tools/bin/../lib/gcc/arm-none-eabi/13.3.1/../../../../arm-none-eabi/lib/thumb/v6-m/nofp\libc_nano.a(libc_a-fwalk.o)
                0x080027dc                _fwalk_sglue
 .text._puts_r  0x08002814       0xac C:/ST/STM32CubeIDE_1.6.1/STM32CubeIDE/plugins/com.st.stm32cube.ide.mcu.externaltools.gnu-tools-for-stm32.13.3.rel1.win32_1.0.0.202411081344/tools/bin/../lib/gcc/arm-none-eabi/13.3.1/../../../../arm-none-eabi/lib/thumb/v6-m/nofp\libc_nano.a(libc_a-puts.o)
                0x08002814                _puts_r
 .text.puts     0x080028c0       0x14 C:/ST/STM32CubeIDE_1.6.1/STM32CubeIDE/plugins/com.st.stm32cube.ide.mcu.externaltools.gnu-tools-for-stm32.13.3.rel1.win32_1.0.0.202411081344/tools/bin/../lib/gcc/arm-none-eabi/13.3.1/../../../../arm-none-eabi/lib/thumb/v6-m/nofp\libc_nano.a(libc_a-puts.o)
                0x080028c0                puts
 .text.sprintf  0x080028d4       0x44 C:/ST/STM32CubeIDE_1.6.1/STM32CubeIDE/plugins/com.st.stm32cube.ide.mcu.externaltools.gnu-tools-for-stm32.13.3.rel1.win32_1.0.0.202411081344/tools/bin/../lib/gcc/arm-none-eabi/13.3.1/../../../../arm-none-eabi/lib/thumb/v6-m/nofp\libc_nano.a(libc_a-sprintf.o)
                0x080028d4                siprintf
                0x080028d4                sprintf
 .text.__sread  0x08002918       0x28 C:/ST/STM32CubeIDE_1.6.1/STM32CubeIDE/plugins/com.st.stm32cube.ide.mcu.externaltools.gnu-tools-for-stm32.13.3.rel1.win32_1.0.0.202411081344/tools/bin/../lib/gcc/arm-none-eabi/13.3.1/../../../../arm-none-eabi/lib/thumb/v6-m/nofp\libc_nano.a(libc_a-stdio.o)
                0x08002918                __sread
 .text.__swrite
                0x08002940       0x38 C:/ST/STM32CubeIDE_1.6.1/STM32CubeIDE/plugins/com.st.stm32cube.ide.mcu.externaltools.gnu-tools-for-stm32.13.3.rel1.win32_1.0.0.202411081344/tools/bin/../lib/gcc/arm-none-eabi/13.3.1/../../../../arm-none-eabi/lib/thumb/v6-m/nofp\libc_nano.a(libc_a-stdio.o)
                0x08002940                __swrite
 .text.__sseek  0x08002978       0x2c C:/ST/STM32CubeIDE_1.6.1/STM32CubeIDE/plugins/com.st.stm32cube.ide.mcu.externaltools.gnu-tools-for-stm32.13.3.rel1.win32_1.0.0.202411081344/tools/bin/../lib/gcc/arm-none-eabi/13.3.1/../../../../arm-none-eabi/lib/thumb/v6-m/nofp\libc_nano.a(libc_a-stdio.o)
                0x08002978                __sseek
 .text.__sclose
                0x080029a4        0xc C:/ST/STM32CubeIDE_1.6.1/STM32CubeIDE/plugins/com.st.stm32cube.ide.mcu.externaltools.gnu-tools-for-stm32.13.3.rel1.win32_1.0.0.202411081344/tools/bin/../lib/gcc/arm-none-eabi/13.3.1/../../../../arm-none-eabi/lib/thumb/v6-m/nofp\libc_nano.a(libc_a-stdio.o)
                0x080029a4                __sclose
 .text.__swbuf_r
                0x080029b0       0x84 C:/ST/STM32CubeIDE_1.6.1/STM32CubeIDE/plugins/com.st.stm32cube.ide.mcu.externaltools.gnu-tools-for-stm32.13.3.rel1.win32_1.0.0.202411081344/tools/bin/../lib/gcc/arm-none-eabi/13.3.1/../../../../arm-none-eabi/lib/thumb/v6-m/nofp\libc_nano.a(libc_a-wbuf.o)
                0x080029b0                __swbuf_r
 .text.__swsetup_r
                0x08002a34       0xbc C:/ST/STM32CubeIDE_1.6.1/STM32CubeIDE/plugins/com.st.stm32cube.ide.mcu.externaltools.gnu-tools-for-stm32.13.3.rel1.win32_1.0.0.202411081344/tools/bin/../lib/gcc/arm-none-eabi/13.3.1/../../../../arm-none-eabi/lib/thumb/v6-m/nofp\libc_nano.a(libc_a-wsetup.o)
                0x08002a34                __swsetup_r
 .text.memset   0x08002af0       0x10 C:/ST/STM32CubeIDE_1.6.1/STM32CubeIDE/plugins/com.st.stm32cube.ide.mcu.externaltools.gnu-tools-for-stm32.13.3.rel1.win32_1.0.0.202411081344/tools/bin/../lib/gcc/arm-none-eabi/13.3.1/../../../../arm-none-eabi/lib/thumb/v6-m/nofp\libc_nano.a(libc_a-memset.o)
                0x08002af0                memset
 .text._close_r
                0x08002b00       0x24 C:/ST/STM32CubeIDE_1.6.1/STM32CubeIDE/plugins/com.st.stm32cube.ide.mcu.externaltools.gnu-tools-for-stm32.13.3.rel1.win32_1.0.0.202411081344/tools/bin/../lib/gcc/arm-none-eabi/13.3.1/../../../../arm-none-eabi/lib/thumb/v6-m/nofp\libc_nano.a(libc_a-closer.o)
                0x08002b00                _close_r
 .text._lseek_r
                0x08002b24       0x28 C:/ST/STM32CubeIDE_1.6.1/STM32CubeIDE/plugins/com.st.stm32cube.ide.mcu.externaltools.gnu-tools-for-stm32.13.3.rel1.win32_1.0.0.202411081344/tools/bin/../lib/gcc/arm-none-eabi/13.3.1/../../../../arm-none-eabi/lib/thumb/v6-m/nofp\libc_nano.a(libc_a-lseekr.o)
                0x08002b24                _lseek_r
 .text._read_r  0x08002b4c       0x28 C:/ST/STM32CubeIDE_1.6.1/STM32CubeIDE/plugins/com.st.stm32cube.ide.mcu.externaltools.gnu-tools-for-stm32.13.3.rel1.win32_1.0.0.202411081344/tools/bin/../lib/gcc/arm-none-eabi/13.3.1/../../../../arm-none-eabi/lib/thumb/v6-m/nofp\libc_nano.a(libc_a-readr.o)
                0x08002b4c                _read_r
 .text._write_r
                0x08002b74       0x28 C:/ST/STM32CubeIDE_1.6.1/STM32CubeIDE/plugins/com.st.stm32cube.ide.mcu.externaltools.gnu-tools-for-stm32.13.3.rel1.win32_1.0.0.202411081344/tools/bin/../lib/gcc/arm-none-eabi/13.3.1/../../../../arm-none-eabi/lib/thumb/v6-m/nofp\libc_nano.a(libc_a-writer.o)
                0x08002b74                _write_r
 .text.__errno  0x08002b9c        0xc C:/ST/STM32CubeIDE_1.6.1/STM32CubeIDE/plugins/com.st.stm32cube.ide.mcu.externaltools.gnu-tools-for-stm32.13.3.rel1.win32_1.0.0.202411081344/tools/bin/../lib/gcc/arm-none-eabi/13.3.1/../../../../arm-none-eabi/lib/thumb/v6-m/nofp\libc_nano.a(libc_a-errno.o)
                0x08002b9c                __errno
 .text.__libc_init_array
                0x08002ba8       0x48 C:/ST/STM32CubeIDE_1.6.1/STM32CubeIDE/plugins/com.st.stm32cube.ide.mcu.externaltools.gnu-tools-for-stm32.13.3.rel1.win32_1.0.0.202411081344/tools/bin/../lib/gcc/arm-none-eabi/13.3.1/../../../../arm-none-eabi/lib/thumb/v6-m/nofp\libc_nano.a(libc_a-init.o)
                0x08002ba8                __libc_init_array
 .text.__retarget_lock_init_recursive
                0x08002bf0        0x2 C:/ST/STM32CubeIDE_1.6.1/STM32CubeIDE/plugins/com.st.stm32cube.ide.mcu.externaltools.gnu-tools-for-stm32.13.3.rel1.win32_1.0.0.202411081344/tools/bin/../lib/gcc/arm-none-eabi/13.3.1/../../../../arm-none-eabi/lib/thumb/v6-m/nofp\libc_nano.a(libc_a-lock.o)
                0x08002bf0                __retarget_lock_init_recursive
 .text.__retarget_lock_acquire_recursive
                0x08002bf2        0x2 C:/ST/STM32CubeIDE_1.6.1/STM32CubeIDE/plugins/com.st.stm32cube.ide.mcu.externaltools.gnu-tools-for-stm32.13.3.rel1.win32_1.0.0.202411081344/tools/bin/../lib/gcc/arm-none-eabi/13.3.1/../../../../arm-none-eabi/lib/thumb/v6-m/nofp\libc_nano.a(libc_a-lock.o)
                0x08002bf2                __retarget_lock_acquire_recursive
 .text.__retarget_lock_release_recursive
                0x08002bf4        0x2 C:/ST/STM32CubeIDE_1.6.1/STM32CubeIDE/plugins/com.st.stm32cube.ide.mcu.externaltools.gnu-tools-for-stm32.13.3.rel1.win32_1.0.0.202411081344/tools/bin/../lib/gcc/arm-none-eabi/13.3.1/../../../../arm-none-eabi/lib/thumb/v6-m/nofp\libc_nano.a(libc_a-lock.o)
                0x08002bf4                __retarget_lock_release_recursive
 *fill*         0x08002bf6        0x2 
 .text._free_r  0x08002bf8       0x94 C:/ST/STM32CubeIDE_1.6.1/STM32CubeIDE/plugins/com.st.stm32cube.ide.mcu.externaltools.gnu-tools-for-stm32.13.3.rel1.win32_1.0.0.202411081344/tools/bin/../lib/gcc/arm-none-eabi/13.3.1/../../../../arm-none-eabi/lib/thumb/v6-m/nofp\libc_nano.a(libc_a-freer.o)
                0x08002bf8                _free_r
 .text.sbrk_aligned
                0x08002c8c       0x44 C:/ST/STM32CubeIDE_1.6.1/STM32CubeIDE/plugins/com.st.stm32cube.ide.mcu.externaltools.gnu-tools-for-stm32.13.3.rel1.win32_1.0.0.202411081344/tools/bin/../lib/gcc/arm-none-eabi/13.3.1/../../../../arm-none-eabi/lib/thumb/v6-m/nofp\libc_nano.a(libc_a-mallocr.o)
 .text._malloc_r
                0x08002cd0      0x100 C:/ST/STM32CubeIDE_1.6.1/STM32CubeIDE/plugins/com.st.stm32cube.ide.mcu.externaltools.gnu-tools-for-stm32.13.3.rel1.win32_1.0.0.202411081344/tools/bin/../lib/gcc/arm-none-eabi/13.3.1/../../../../arm-none-eabi/lib/thumb/v6-m/nofp\libc_nano.a(libc_a-mallocr.o)
                0x08002cd0                _malloc_r
 .text.__malloc_lock
                0x08002dd0       0x10 C:/ST/STM32CubeIDE_1.6.1/STM32CubeIDE/plugins/com.st.stm32cube.ide.mcu.externaltools.gnu-tools-for-stm32.13.3.rel1.win32_1.0.0.202411081344/tools/bin/../lib/gcc/arm-none-eabi/13.3.1/../../../../arm-none-eabi/lib/thumb/v6-m/nofp\libc_nano.a(libc_a-mlock.o)
                0x08002dd0                __malloc_lock
 .text.__malloc_unlock
                0x08002de0       0x10 C:/ST/STM32CubeIDE_1.6.1/STM32CubeIDE/plugins/com.st.stm32cube.ide.mcu.externaltools.gnu-tools-for-stm32.13.3.rel1.win32_1.0.0.202411081344/tools/bin/../lib/gcc/arm-none-eabi/13.3.1/../../../../arm-none-eabi/lib/thumb/v6-m/nofp\libc_nano.a(libc_a-mlock.o)
                0x08002de0                __malloc_unlock
 .text.__ssputs_r
                0x08002df0       0xc0 C:/ST/STM32CubeIDE_1.6.1/STM32CubeIDE/plugins/com.st.stm32cube.ide.mcu.externaltools.gnu-tools-for-stm32.13.3.rel1.win32_1.0.0.202411081344/tools/bin/../lib/gcc/arm-none-eabi/13.3.1/../../../../arm-none-eabi/lib/thumb/v6-m/nofp\libc_nano.a(libc_a-nano-svfprintf.o)
                0x08002df0                __ssputs_r
 .text._svfprintf_r
                0x08002eb0      0x1fc C:/ST/STM32CubeIDE_1.6.1/STM32CubeIDE/plugins/com.st.stm32cube.ide.mcu.externaltools.gnu-tools-for-stm32.13.3.rel1.win32_1.0.0.202411081344/tools/bin/../lib/gcc/arm-none-eabi/13.3.1/../../../../arm-none-eabi/lib/thumb/v6-m/nofp\libc_nano.a(libc_a-nano-svfprintf.o)
                0x08002eb0                _svfiprintf_r
                0x08002eb0                _svfprintf_r
 .text._printf_common
                0x080030ac       0xde C:/ST/STM32CubeIDE_1.6.1/STM32CubeIDE/plugins/com.st.stm32cube.ide.mcu.externaltools.gnu-tools-for-stm32.13.3.rel1.win32_1.0.0.202411081344/tools/bin/../lib/gcc/arm-none-eabi/13.3.1/../../../../arm-none-eabi/lib/thumb/v6-m/nofp\libc_nano.a(libc_a-nano-vfprintf_i.o)
                0x080030ac                _printf_common
 *fill*         0x0800318a        0x2 
 .text._printf_i
                0x0800318c      0x218 C:/ST/STM32CubeIDE_1.6.1/STM32CubeIDE/plugins/com.st.stm32cube.ide.mcu.externaltools.gnu-tools-for-stm32.13.3.rel1.win32_1.0.0.202411081344/tools/bin/../lib/gcc/arm-none-eabi/13.3.1/../../../../arm-none-eabi/lib/thumb/v6-m/nofp\libc_nano.a(libc_a-nano-vfprintf_i.o)
                0x0800318c                _printf_i
 .text.__sflush_r
                0x080033a4      0x10c C:/ST/STM32CubeIDE_1.6.1/STM32CubeIDE/plugins/com.st.stm32cube.ide.mcu.externaltools.gnu-tools-for-stm32.13.3.rel1.win32_1.0.0.202411081344/tools/bin/../lib/gcc/arm-none-eabi/13.3.1/../../../../arm-none-eabi/lib/thumb/v6-m/nofp\libc_nano.a(libc_a-fflush.o)
                0x080033a4                __sflush_r
 .text._fflush_r
                0x080034b0       0x56 C:/ST/STM32CubeIDE_1.6.1/STM32CubeIDE/plugins/com.st.stm32cube.ide.mcu.externaltools.gnu-tools-for-stm32.13.3.rel1.win32_1.0.0.202411081344/tools/bin/../lib/gcc/arm-none-eabi/13.3.1/../../../../arm-none-eabi/lib/thumb/v6-m/nofp\libc_nano.a(libc_a-fflush.o)
                0x080034b0                _fflush_r
 *fill*         0x08003506        0x2 
 .text.__swhatbuf_r
                0x08003508       0x54 C:/ST/STM32CubeIDE_1.6.1/STM32CubeIDE/plugins/com.st.stm32cube.ide.mcu.externaltools.gnu-tools-for-stm32.13.3.rel1.win32_1.0.0.202411081344/tools/bin/../lib/gcc/arm-none-eabi/13.3.1/../../../../arm-none-eabi/lib/thumb/v6-m/nofp\libc_nano.a(libc_a-makebuf.o)
                0x08003508                __swhatbuf_r
 .text.__smakebuf_r
                0x0800355c       0x82 C:/ST/STM32CubeIDE_1.6.1/STM32CubeIDE/plugins/com.st.stm32cube.ide.mcu.externaltools.gnu-tools-for-stm32.13.3.rel1.win32_1.0.0.202411081344/tools/bin/../lib/gcc/arm-none-eabi/13.3.1/../../../../arm-none-eabi/lib/thumb/v6-m/nofp\libc_nano.a(libc_a-makebuf.o)
                0x0800355c                __smakebuf_r
 .text.memmove  0x080035de       0x24 C:/ST/STM32CubeIDE_1.6.1/STM32CubeIDE/plugins/com.st.stm32cube.ide.mcu.externaltools.gnu-tools-for-stm32.13.3.rel1.win32_1.0.0.202411081344/tools/bin/../lib/gcc/arm-none-eabi/13.3.1/../../../../arm-none-eabi/lib/thumb/v6-m/nofp\libc_nano.a(libc_a-memmove.o)
                0x080035de                memmove
 *fill*         0x08003602        0x2 
 .text._fstat_r
                0x08003604       0x24 C:/ST/STM32CubeIDE_1.6.1/STM32CubeIDE/plugins/com.st.stm32cube.ide.mcu.externaltools.gnu-tools-for-stm32.13.3.rel1.win32_1.0.0.202411081344/tools/bin/../lib/gcc/arm-none-eabi/13.3.1/../../../../arm-none-eabi/lib/thumb/v6-m/nofp\libc_nano.a(libc_a-fstatr.o)
                0x08003604                _fstat_r
 .text._isatty_r
                0x08003628       0x24 C:/ST/STM32CubeIDE_1.6.1/STM32CubeIDE/plugins/com.st.stm32cube.ide.mcu.externaltools.gnu-tools-for-stm32.13.3.rel1.win32_1.0.0.202411081344/tools/bin/../lib/gcc/arm-none-eabi/13.3.1/../../../../arm-none-eabi/lib/thumb/v6-m/nofp\libc_nano.a(libc_a-isattyr.o)
                0x08003628                _isatty_r
 .text._sbrk_r  0x0800364c       0x24 C:/ST/STM32CubeIDE_1.6.1/STM32CubeIDE/plugins/com.st.stm32cube.ide.mcu.externaltools.gnu-tools-for-stm32.13.3.rel1.win32_1.0.0.202411081344/tools/bin/../lib/gcc/arm-none-eabi/13.3.1/../../../../arm-none-eabi/lib/thumb/v6-m/nofp\libc_nano.a(libc_a-sbrkr.o)
                0x0800364c                _sbrk_r
 .text.memchr   0x08003670       0x16 C:/ST/STM32CubeIDE_1.6.1/STM32CubeIDE/plugins/com.st.stm32cube.ide.mcu.externaltools.gnu-tools-for-stm32.13.3.rel1.win32_1.0.0.202411081344/tools/bin/../lib/gcc/arm-none-eabi/13.3.1/../../../../arm-none-eabi/lib/thumb/v6-m/nofp\libc_nano.a(libc_a-memchr-stub.o)
                0x08003670                memchr
 .text.memcpy   0x08003686       0x12 C:/ST/STM32CubeIDE_1.6.1/STM32CubeIDE/plugins/com.st.stm32cube.ide.mcu.externaltools.gnu-tools-for-stm32.13.3.rel1.win32_1.0.0.202411081344/tools/bin/../lib/gcc/arm-none-eabi/13.3.1/../../../../arm-none-eabi/lib/thumb/v6-m/nofp\libc_nano.a(libc_a-memcpy-stub.o)
                0x08003686                memcpy
 .text._realloc_r
                0x08003698       0x60 C:/ST/STM32CubeIDE_1.6.1/STM32CubeIDE/plugins/com.st.stm32cube.ide.mcu.externaltools.gnu-tools-for-stm32.13.3.rel1.win32_1.0.0.202411081344/tools/bin/../lib/gcc/arm-none-eabi/13.3.1/../../../../arm-none-eabi/lib/thumb/v6-m/nofp\libc_nano.a(libc_a-reallocr.o)
                0x08003698                _realloc_r
 .text._malloc_usable_size_r
                0x080036f8       0x10 C:/ST/STM32CubeIDE_1.6.1/STM32CubeIDE/plugins/com.st.stm32cube.ide.mcu.externaltools.gnu-tools-for-stm32.13.3.rel1.win32_1.0.0.202411081344/tools/bin/../lib/gcc/arm-none-eabi/13.3.1/../../../../arm-none-eabi/lib/thumb/v6-m/nofp\libc_nano.a(libc_a-msizer.o)
                0x080036f8                _malloc_usable_size_r
 *(.glue_7)
 .glue_7        0x08003708        0x0 linker stubs
 *(.glue_7t)
 .glue_7t       0x08003708        0x0 linker stubs
 *(.eh_frame)
 .eh_frame      0x08003708        0x0 C:/ST/STM32CubeIDE_1.6.1/STM32CubeIDE/plugins/com.st.stm32cube.ide.mcu.externaltools.gnu-tools-for-stm32.13.3.rel1.win32_1.0.0.202411081344/tools/bin/../lib/gcc/arm-none-eabi/13.3.1/thumb/v6-m/nofp/crtbegin.o
 *(.init)
 .init          0x08003708        0x4 C:/ST/STM32CubeIDE_1.6.1/STM32CubeIDE/plugins/com.st.stm32cube.ide.mcu.externaltools.gnu-tools-for-stm32.13.3.rel1.win32_1.0.0.202411081344/tools/bin/../lib/gcc/arm-none-eabi/13.3.1/thumb/v6-m/nofp/crti.o
                0x08003708                _init
 .init          0x0800370c        0x8 C:/ST/STM32CubeIDE_1.6.1/STM32CubeIDE/plugins/com.st.stm32cube.ide.mcu.externaltools.gnu-tools-for-stm32.13.3.rel1.win32_1.0.0.202411081344/tools/bin/../lib/gcc/arm-none-eabi/13.3.1/thumb/v6-m/nofp/crtn.o
 *(.fini)
 .fini          0x08003714        0x4 C:/ST/STM32CubeIDE_1.6.1/STM32CubeIDE/plugins/com.st.stm32cube.ide.mcu.externaltools.gnu-tools-for-stm32.13.3.rel1.win32_1.0.0.202411081344/tools/bin/../lib/gcc/arm-none-eabi/13.3.1/thumb/v6-m/nofp/crti.o
                0x08003714                _fini
 .fini          0x08003718        0x8 C:/ST/STM32CubeIDE_1.6.1/STM32CubeIDE/plugins/com.st.stm32cube.ide.mcu.externaltools.gnu-tools-for-stm32.13.3.rel1.win32_1.0.0.202411081344/tools/bin/../lib/gcc/arm-none-eabi/13.3.1/thumb/v6-m/nofp/crtn.o
                0x08003720                        . = ALIGN (0x4)
                0x08003720                        _etext = .

.vfp11_veneer   0x08003720        0x0
 .vfp11_veneer  0x08003720        0x0 linker stubs

.v4_bx          0x08003720        0x0
 .v4_bx         0x08003720        0x0 linker stubs

.iplt           0x08003720        0x0
 .iplt          0x08003720        0x0 C:/ST/STM32CubeIDE_1.6.1/STM32CubeIDE/plugins/com.st.stm32cube.ide.mcu.externaltools.gnu-tools-for-stm32.13.3.rel1.win32_1.0.0.202411081344/tools/bin/../lib/gcc/arm-none-eabi/13.3.1/thumb/v6-m/nofp/crtbegin.o

.rodata         0x08003720      0x120
                0x08003720                        . = ALIGN (0x4)
 *(.rodata)
 *(.rodata*)
 .rodata.tx_application_define.str1.1
                0x08003720       0xa1 ./AZURE_RTOS/App/app_azure_rtos.o
                                 0x13 (size before relaxing)
 .rodata.App_ThreadX_Init.str1.1
                0x080037c1       0x1a ./Core/Src/app_threadx.o
 .rodata.MX_ThreadX_Init.str1.1
                0x080037c1       0x2d ./Core/Src/app_threadx.o
 *fill*         0x080037c1        0x3 
 .rodata.APBPrescTable
                0x080037c4       0x20 ./Core/Src/system_stm32c0xx.o
                0x080037c4                APBPrescTable
 .rodata.AHBPrescTable
                0x080037e4       0x40 ./Core/Src/system_stm32c0xx.o
                0x080037e4                AHBPrescTable
 .rodata.CSWTCH.66
                0x08003824        0x3 ./Drivers/STM32C0xx_HAL_Driver/Src/stm32c0xx_hal_uart.o
 *fill*         0x08003827        0x1 
 .rodata.UARTPrescTable
                0x08003828       0x18 ./Drivers/STM32C0xx_HAL_Driver/Src/stm32c0xx_hal_uart.o
                0x08003828                UARTPrescTable
 .rodata._tx_timer_initialize.str1.1
                0x08003840       0x14 ./Middlewares/ST/threadx/common/src/tx_timer_initialize.o
 .rodata._svfprintf_r.str1.1
                0x08003840       0x11 C:/ST/STM32CubeIDE_1.6.1/STM32CubeIDE/plugins/com.st.stm32cube.ide.mcu.externaltools.gnu-tools-for-stm32.13.3.rel1.win32_1.0.0.202411081344/tools/bin/../lib/gcc/arm-none-eabi/13.3.1/../../../../arm-none-eabi/lib/thumb/v6-m/nofp\libc_nano.a(libc_a-nano-svfprintf.o)
 .rodata._printf_i.str1.1
                0x08003840       0x22 C:/ST/STM32CubeIDE_1.6.1/STM32CubeIDE/plugins/com.st.stm32cube.ide.mcu.externaltools.gnu-tools-for-stm32.13.3.rel1.win32_1.0.0.202411081344/tools/bin/../lib/gcc/arm-none-eabi/13.3.1/../../../../arm-none-eabi/lib/thumb/v6-m/nofp\libc_nano.a(libc_a-nano-vfprintf_i.o)
                0x08003864                        . = ALIGN (0x4)

.ARM.extab      0x08003840        0x0
                0x08003840                        . = ALIGN (0x4)
 *(.ARM.extab* .gnu.linkonce.armextab.*)
                0x08003840                        . = ALIGN (0x4)

.ARM            0x08003840        0x0
                0x08003840                        . = ALIGN (0x4)
                0x08003840                        __exidx_start = .
 *(.ARM.exidx*)
                0x08003840                        __exidx_end = .
                0x08003840                        . = ALIGN (0x4)

.preinit_array  0x08003840        0x0
                0x08003840                        . = ALIGN (0x4)
                0x08003840                        PROVIDE (__preinit_array_start = .)
 *(.preinit_array*)
                0x08003840                        PROVIDE (__preinit_array_end = .)
                0x08003840                        . = ALIGN (0x4)

.init_array     0x08003840        0x4
                0x08003840                        . = ALIGN (0x4)
                0x08003840                        PROVIDE (__init_array_start = .)
 *(SORT_BY_NAME(.init_array.*))
 *(.init_array*)
 .init_array    0x08003840        0x4 C:/ST/STM32CubeIDE_1.6.1/STM32CubeIDE/plugins/com.st.stm32cube.ide.mcu.externaltools.gnu-tools-for-stm32.13.3.rel1.win32_1.0.0.202411081344/tools/bin/../lib/gcc/arm-none-eabi/13.3.1/thumb/v6-m/nofp/crtbegin.o
                0x08003844                        PROVIDE (__init_array_end = .)
                0x08003844                        . = ALIGN (0x4)

.fini_array     0x08003844        0x4
                0x08003844                        . = ALIGN (0x4)
                [!provide]                        PROVIDE (__fini_array_start = .)
 *(SORT_BY_NAME(.fini_array.*))
 *(.fini_array*)
 .fini_array    0x08003844        0x4 C:/ST/STM32CubeIDE_1.6.1/STM32CubeIDE/plugins/com.st.stm32cube.ide.mcu.externaltools.gnu-tools-for-stm32.13.3.rel1.win32_1.0.0.202411081344/tools/bin/../lib/gcc/arm-none-eabi/13.3.1/thumb/v6-m/nofp/crtbegin.o
                [!provide]                        PROVIDE (__fini_array_end = .)
                0x08003848                        . = ALIGN (0x4)
                0x08003848                        _sidata = LOADADDR (.data)

.rel.dyn        0x08003848        0x0
 .rel.iplt      0x08003848        0x0 C:/ST/STM32CubeIDE_1.6.1/STM32CubeIDE/plugins/com.st.stm32cube.ide.mcu.externaltools.gnu-tools-for-stm32.13.3.rel1.win32_1.0.0.202411081344/tools/bin/../lib/gcc/arm-none-eabi/13.3.1/thumb/v6-m/nofp/crtbegin.o

.data           0x20000000       0x70 load address 0x08003848
                0x20000000                        . = ALIGN (0x4)
                0x20000000                        _sdata = .
 *(.data)
 *(.data*)
 .data.SystemCoreClock
                0x20000000        0x4 ./Core/Src/system_stm32c0xx.o
                0x20000000                SystemCoreClock
 .data.COM_USART
                0x20000004        0x4 ./Drivers/BSP/STM32C0xx_Nucleo/stm32c0xx_nucleo.o
                0x20000004                COM_USART
 .data.uwTickFreq
                0x20000008        0x1 ./Drivers/STM32C0xx_HAL_Driver/Src/stm32c0xx_hal.o
                0x20000008                uwTickFreq
 *fill*         0x20000009        0x3 
 .data.uwTickPrio
                0x2000000c        0x4 ./Drivers/STM32C0xx_HAL_Driver/Src/stm32c0xx_hal.o
                0x2000000c                uwTickPrio
 .data._tx_thread_system_state
                0x20000010        0x4 ./Middlewares/ST/threadx/common/src/tx_thread_initialize.o
                0x20000010                _tx_thread_system_state
 .data.__sglue  0x20000014        0xc C:/ST/STM32CubeIDE_1.6.1/STM32CubeIDE/plugins/com.st.stm32cube.ide.mcu.externaltools.gnu-tools-for-stm32.13.3.rel1.win32_1.0.0.202411081344/tools/bin/../lib/gcc/arm-none-eabi/13.3.1/../../../../arm-none-eabi/lib/thumb/v6-m/nofp\libc_nano.a(libc_a-findfp.o)
                0x20000014                __sglue
 .data._impure_ptr
                0x20000020        0x4 C:/ST/STM32CubeIDE_1.6.1/STM32CubeIDE/plugins/com.st.stm32cube.ide.mcu.externaltools.gnu-tools-for-stm32.13.3.rel1.win32_1.0.0.202411081344/tools/bin/../lib/gcc/arm-none-eabi/13.3.1/../../../../arm-none-eabi/lib/thumb/v6-m/nofp\libc_nano.a(libc_a-impure.o)
                0x20000020                _impure_ptr
 .data._impure_data
                0x20000024       0x4c C:/ST/STM32CubeIDE_1.6.1/STM32CubeIDE/plugins/com.st.stm32cube.ide.mcu.externaltools.gnu-tools-for-stm32.13.3.rel1.win32_1.0.0.202411081344/tools/bin/../lib/gcc/arm-none-eabi/13.3.1/../../../../arm-none-eabi/lib/thumb/v6-m/nofp\libc_nano.a(libc_a-impure.o)
                0x20000024                _impure_data
 *(.RamFunc)
 *(.RamFunc*)
                0x20000070                        . = ALIGN (0x4)
                0x20000070                        _edata = .

.igot.plt       0x20000070        0x0 load address 0x080038b8
 .igot.plt      0x20000070        0x0 C:/ST/STM32CubeIDE_1.6.1/STM32CubeIDE/plugins/com.st.stm32cube.ide.mcu.externaltools.gnu-tools-for-stm32.13.3.rel1.win32_1.0.0.202411081344/tools/bin/../lib/gcc/arm-none-eabi/13.3.1/thumb/v6-m/nofp/crtbegin.o
                0x20000070                        . = ALIGN (0x4)

.bss            0x20000070     0x1464 load address 0x080038b8
                0x20000070                        _sbss = .
                0x20000070                        __bss_start__ = _sbss
 *(.bss)
 .bss           0x20000070       0x1c C:/ST/STM32CubeIDE_1.6.1/STM32CubeIDE/plugins/com.st.stm32cube.ide.mcu.externaltools.gnu-tools-for-stm32.13.3.rel1.win32_1.0.0.202411081344/tools/bin/../lib/gcc/arm-none-eabi/13.3.1/thumb/v6-m/nofp/crtbegin.o
 *(.bss*)
 .bss.tx_app_byte_pool
                0x2000008c       0x34 ./AZURE_RTOS/App/app_azure_rtos.o
 .bss.tx_byte_pool_buffer
                0x200000c0      0x800 ./AZURE_RTOS/App/app_azure_rtos.o
 .bss.led_group_threads
                0x200008c0      0x370 ./Core/Src/app_threadx.o
                0x200008c0                led_group_threads
 .bss.tx_app_semaphore
                0x20000c30       0x1c ./Core/Src/app_threadx.o
                0x20000c30                tx_app_semaphore
 .bss.BspCOMInit
                0x20000c4c       0x10 ./Core/Src/main.o
                0x20000c4c                BspCOMInit
 .bss.htim14    0x20000c5c       0x4c ./Core/Src/stm32c0xx_hal_timebase_tim.o
                0x20000c5c                htim14
 .bss.__sbrk_heap_end
                0x20000ca8        0x4 ./Core/Src/sysmem.o
 .bss.COM_ActiveLogPort
                0x20000cac        0x1 ./Drivers/BSP/STM32C0xx_Nucleo/stm32c0xx_nucleo.o
 *fill*         0x20000cad        0x3 
 .bss.hcom_uart
                0x20000cb0       0x94 ./Drivers/BSP/STM32C0xx_Nucleo/stm32c0xx_nucleo.o
                0x20000cb0                hcom_uart
 .bss.uwTick    0x20000d44        0x4 ./Drivers/STM32C0xx_HAL_Driver/Src/stm32c0xx_hal.o
                0x20000d44                uwTick
 .bss._tx_initialize_unused_memory
                0x20000d48        0x4 ./Middlewares/ST/threadx/common/src/tx_initialize_high_level.o
                0x20000d48                _tx_initialize_unused_memory
 .bss._tx_byte_pool_created_count
                0x20000d4c        0x4 ./Middlewares/ST/threadx/common/src/tx_initialize_high_level.o
                0x20000d4c                _tx_byte_pool_created_count
 .bss._tx_byte_pool_created_ptr
                0x20000d50        0x4 ./Middlewares/ST/threadx/common/src/tx_initialize_high_level.o
                0x20000d50                _tx_byte_pool_created_ptr
 .bss._tx_block_pool_created_count
                0x20000d54        0x4 ./Middlewares/ST/threadx/common/src/tx_initialize_high_level.o
                0x20000d54                _tx_block_pool_created_count
 .bss._tx_block_pool_created_ptr
                0x20000d58        0x4 ./Middlewares/ST/threadx/common/src/tx_initialize_high_level.o
                0x20000d58                _tx_block_pool_created_ptr
 .bss._tx_mutex_created_count
                0x20000d5c        0x4 ./Middlewares/ST/threadx/common/src/tx_initialize_high_level.o
                0x20000d5c                _tx_mutex_created_count
 .bss._tx_mutex_created_ptr
                0x20000d60        0x4 ./Middlewares/ST/threadx/common/src/tx_initialize_high_level.o
                0x20000d60                _tx_mutex_created_ptr
 .bss._tx_event_flags_created_count
                0x20000d64        0x4 ./Middlewares/ST/threadx/common/src/tx_initialize_high_level.o
                0x20000d64                _tx_event_flags_created_count
 .bss._tx_event_flags_created_ptr
                0x20000d68        0x4 ./Middlewares/ST/threadx/common/src/tx_initialize_high_level.o
                0x20000d68                _tx_event_flags_created_ptr
 .bss._tx_queue_created_count
                0x20000d6c        0x4 ./Middlewares/ST/threadx/common/src/tx_initialize_high_level.o
                0x20000d6c                _tx_queue_created_count
 .bss._tx_queue_created_ptr
                0x20000d70        0x4 ./Middlewares/ST/threadx/common/src/tx_initialize_high_level.o
                0x20000d70                _tx_queue_created_ptr
 .bss._tx_semaphore_created_count
                0x20000d74        0x4 ./Middlewares/ST/threadx/common/src/tx_initialize_high_level.o
                0x20000d74                _tx_semaphore_created_count
 .bss._tx_semaphore_created_ptr
                0x20000d78        0x4 ./Middlewares/ST/threadx/common/src/tx_initialize_high_level.o
                0x20000d78                _tx_semaphore_created_ptr
 .bss._tx_build_options
                0x20000d7c        0x4 ./Middlewares/ST/threadx/common/src/tx_thread_initialize.o
                0x20000d7c                _tx_build_options
 .bss._tx_thread_mutex_release
                0x20000d80        0x4 ./Middlewares/ST/threadx/common/src/tx_thread_initialize.o
                0x20000d80                _tx_thread_mutex_release
 .bss._tx_thread_preempt_disable
                0x20000d84        0x4 ./Middlewares/ST/threadx/common/src/tx_thread_initialize.o
                0x20000d84                _tx_thread_preempt_disable
 .bss._tx_thread_priority_list
                0x20000d88       0x80 ./Middlewares/ST/threadx/common/src/tx_thread_initialize.o
                0x20000d88                _tx_thread_priority_list
 .bss._tx_thread_highest_priority
                0x20000e08        0x4 ./Middlewares/ST/threadx/common/src/tx_thread_initialize.o
                0x20000e08                _tx_thread_highest_priority
 .bss._tx_thread_priority_maps
                0x20000e0c        0x4 ./Middlewares/ST/threadx/common/src/tx_thread_initialize.o
                0x20000e0c                _tx_thread_priority_maps
 .bss._tx_thread_created_count
                0x20000e10        0x4 ./Middlewares/ST/threadx/common/src/tx_thread_initialize.o
                0x20000e10                _tx_thread_created_count
 .bss._tx_thread_created_ptr
                0x20000e14        0x4 ./Middlewares/ST/threadx/common/src/tx_thread_initialize.o
                0x20000e14                _tx_thread_created_ptr
 .bss._tx_thread_execute_ptr
                0x20000e18        0x4 ./Middlewares/ST/threadx/common/src/tx_thread_initialize.o
                0x20000e18                _tx_thread_execute_ptr
 .bss._tx_thread_current_ptr
                0x20000e1c        0x4 ./Middlewares/ST/threadx/common/src/tx_thread_initialize.o
                0x20000e1c                _tx_thread_current_ptr
 .bss._tx_thread_system_stack_ptr
                0x20000e20        0x4 ./Middlewares/ST/threadx/common/src/tx_thread_initialize.o
                0x20000e20                _tx_thread_system_stack_ptr
 .bss._tx_timer_time_slice
                0x20000e24        0x4 ./Middlewares/ST/threadx/common/src/tx_timer_initialize.o
                0x20000e24                _tx_timer_time_slice
 .bss._tx_timer_thread_stack_area
                0x20000e28      0x400 ./Middlewares/ST/threadx/common/src/tx_timer_initialize.o
                0x20000e28                _tx_timer_thread_stack_area
 .bss._tx_timer_priority
                0x20001228        0x4 ./Middlewares/ST/threadx/common/src/tx_timer_initialize.o
                0x20001228                _tx_timer_priority
 .bss._tx_timer_stack_size
                0x2000122c        0x4 ./Middlewares/ST/threadx/common/src/tx_timer_initialize.o
                0x2000122c                _tx_timer_stack_size
 .bss._tx_timer_stack_start
                0x20001230        0x4 ./Middlewares/ST/threadx/common/src/tx_timer_initialize.o
                0x20001230                _tx_timer_stack_start
 .bss._tx_timer_thread
                0x20001234       0xb0 ./Middlewares/ST/threadx/common/src/tx_timer_initialize.o
                0x20001234                _tx_timer_thread
 .bss._tx_timer_expired_timer_ptr
                0x200012e4        0x4 ./Middlewares/ST/threadx/common/src/tx_timer_initialize.o
                0x200012e4                _tx_timer_expired_timer_ptr
 .bss._tx_timer_created_count
                0x200012e8        0x4 ./Middlewares/ST/threadx/common/src/tx_timer_initialize.o
                0x200012e8                _tx_timer_created_count
 .bss._tx_timer_created_ptr
                0x200012ec        0x4 ./Middlewares/ST/threadx/common/src/tx_timer_initialize.o
                0x200012ec                _tx_timer_created_ptr
 .bss._tx_timer_expired
                0x200012f0        0x4 ./Middlewares/ST/threadx/common/src/tx_timer_initialize.o
                0x200012f0                _tx_timer_expired
 .bss._tx_timer_current_ptr
                0x200012f4        0x4 ./Middlewares/ST/threadx/common/src/tx_timer_initialize.o
                0x200012f4                _tx_timer_current_ptr
 .bss._tx_timer_list_end
                0x200012f8        0x4 ./Middlewares/ST/threadx/common/src/tx_timer_initialize.o
                0x200012f8                _tx_timer_list_end
 .bss._tx_timer_list_start
                0x200012fc        0x4 ./Middlewares/ST/threadx/common/src/tx_timer_initialize.o
                0x200012fc                _tx_timer_list_start
 .bss._tx_timer_list
                0x20001300       0x80 ./Middlewares/ST/threadx/common/src/tx_timer_initialize.o
                0x20001300                _tx_timer_list
 .bss._tx_timer_expired_time_slice
                0x20001380        0x4 ./Middlewares/ST/threadx/common/src/tx_timer_initialize.o
                0x20001380                _tx_timer_expired_time_slice
 .bss._tx_timer_system_clock
                0x20001384        0x4 ./Middlewares/ST/threadx/common/src/tx_timer_initialize.o
                0x20001384                _tx_timer_system_clock
 .bss.__sf      0x20001388      0x138 C:/ST/STM32CubeIDE_1.6.1/STM32CubeIDE/plugins/com.st.stm32cube.ide.mcu.externaltools.gnu-tools-for-stm32.13.3.rel1.win32_1.0.0.202411081344/tools/bin/../lib/gcc/arm-none-eabi/13.3.1/../../../../arm-none-eabi/lib/thumb/v6-m/nofp\libc_nano.a(libc_a-findfp.o)
                0x20001388                __sf
 .bss.__stdio_exit_handler
                0x200014c0        0x4 C:/ST/STM32CubeIDE_1.6.1/STM32CubeIDE/plugins/com.st.stm32cube.ide.mcu.externaltools.gnu-tools-for-stm32.13.3.rel1.win32_1.0.0.202411081344/tools/bin/../lib/gcc/arm-none-eabi/13.3.1/../../../../arm-none-eabi/lib/thumb/v6-m/nofp\libc_nano.a(libc_a-findfp.o)
                0x200014c0                __stdio_exit_handler
 .bss.errno     0x200014c4        0x4 C:/ST/STM32CubeIDE_1.6.1/STM32CubeIDE/plugins/com.st.stm32cube.ide.mcu.externaltools.gnu-tools-for-stm32.13.3.rel1.win32_1.0.0.202411081344/tools/bin/../lib/gcc/arm-none-eabi/13.3.1/../../../../arm-none-eabi/lib/thumb/v6-m/nofp\libc_nano.a(libc_a-reent.o)
                0x200014c4                errno
 .bss.__lock___malloc_recursive_mutex
                0x200014c8        0x1 C:/ST/STM32CubeIDE_1.6.1/STM32CubeIDE/plugins/com.st.stm32cube.ide.mcu.externaltools.gnu-tools-for-stm32.13.3.rel1.win32_1.0.0.202411081344/tools/bin/../lib/gcc/arm-none-eabi/13.3.1/../../../../arm-none-eabi/lib/thumb/v6-m/nofp\libc_nano.a(libc_a-lock.o)
                0x200014c8                __lock___malloc_recursive_mutex
 .bss.__lock___sfp_recursive_mutex
                0x200014c9        0x1 C:/ST/STM32CubeIDE_1.6.1/STM32CubeIDE/plugins/com.st.stm32cube.ide.mcu.externaltools.gnu-tools-for-stm32.13.3.rel1.win32_1.0.0.202411081344/tools/bin/../lib/gcc/arm-none-eabi/13.3.1/../../../../arm-none-eabi/lib/thumb/v6-m/nofp\libc_nano.a(libc_a-lock.o)
                0x200014c9                __lock___sfp_recursive_mutex
 *fill*         0x200014ca        0x2 
 .bss.__malloc_sbrk_start
                0x200014cc        0x4 C:/ST/STM32CubeIDE_1.6.1/STM32CubeIDE/plugins/com.st.stm32cube.ide.mcu.externaltools.gnu-tools-for-stm32.13.3.rel1.win32_1.0.0.202411081344/tools/bin/../lib/gcc/arm-none-eabi/13.3.1/../../../../arm-none-eabi/lib/thumb/v6-m/nofp\libc_nano.a(libc_a-mallocr.o)
                0x200014cc                __malloc_sbrk_start
 .bss.__malloc_free_list
                0x200014d0        0x4 C:/ST/STM32CubeIDE_1.6.1/STM32CubeIDE/plugins/com.st.stm32cube.ide.mcu.externaltools.gnu-tools-for-stm32.13.3.rel1.win32_1.0.0.202411081344/tools/bin/../lib/gcc/arm-none-eabi/13.3.1/../../../../arm-none-eabi/lib/thumb/v6-m/nofp\libc_nano.a(libc_a-mallocr.o)
                0x200014d0                __malloc_free_list
 *(COMMON)
                0x200014d4                        . = ALIGN (0x4)
                0x200014d4                        _ebss = .
                0x200014d4                        __bss_end__ = _ebss

._user_heap_stack
                0x200014d4      0x604 load address 0x080038b8
                0x200014d8                        . = ALIGN (0x8)
 *fill*         0x200014d4        0x4 
                [!provide]                        PROVIDE (end = .)
                0x200014d8                        PROVIDE (_end = .)
                0x200016d8                        . = (. + _Min_Heap_Size)
 *fill*         0x200014d8      0x200 
                0x20001ad8                        . = (. + _Min_Stack_Size)
 *fill*         0x200016d8      0x400 
                0x20001ad8                        . = ALIGN (0x8)

/DISCARD/
 libc.a(*)
 libm.a(*)
 libgcc.a(*)

.ARM.attributes
                0x00000000       0x28
 *(.ARM.attributes)
 .ARM.attributes
                0x00000000       0x1e C:/ST/STM32CubeIDE_1.6.1/STM32CubeIDE/plugins/com.st.stm32cube.ide.mcu.externaltools.gnu-tools-for-stm32.13.3.rel1.win32_1.0.0.202411081344/tools/bin/../lib/gcc/arm-none-eabi/13.3.1/thumb/v6-m/nofp/crti.o
 .ARM.attributes
                0x0000001e       0x2c C:/ST/STM32CubeIDE_1.6.1/STM32CubeIDE/plugins/com.st.stm32cube.ide.mcu.externaltools.gnu-tools-for-stm32.13.3.rel1.win32_1.0.0.202411081344/tools/bin/../lib/gcc/arm-none-eabi/13.3.1/thumb/v6-m/nofp/crtbegin.o
 .ARM.attributes
                0x0000004a       0x2c ./AZURE_RTOS/App/app_azure_rtos.o
 .ARM.attributes
                0x00000076       0x2c ./Core/Src/app_threadx.o
 .ARM.attributes
                0x000000a2       0x2c ./Core/Src/main.o
 .ARM.attributes
                0x000000ce       0x2c ./Core/Src/stm32c0xx_hal_msp.o
 .ARM.attributes
                0x000000fa       0x2c ./Core/Src/stm32c0xx_hal_timebase_tim.o
 .ARM.attributes
                0x00000126       0x2c ./Core/Src/stm32c0xx_it.o
 .ARM.attributes
                0x00000152       0x2c ./Core/Src/syscalls.o
 .ARM.attributes
                0x0000017e       0x2c ./Core/Src/sysmem.o
 .ARM.attributes
                0x000001aa       0x2c ./Core/Src/system_stm32c0xx.o
 .ARM.attributes
                0x000001d6       0x1c ./Core/Src/tx_initialize_low_level.o
 .ARM.attributes
                0x000001f2       0x22 ./Core/Startup/startup_stm32c031c6tx.o
 .ARM.attributes
                0x00000214       0x2c ./Drivers/BSP/STM32C0xx_Nucleo/stm32c0xx_nucleo.o
 .ARM.attributes
                0x00000240       0x2c ./Drivers/STM32C0xx_HAL_Driver/Src/stm32c0xx_hal.o
 .ARM.attributes
                0x0000026c       0x2c ./Drivers/STM32C0xx_HAL_Driver/Src/stm32c0xx_hal_cortex.o
 .ARM.attributes
                0x00000298       0x2c ./Drivers/STM32C0xx_HAL_Driver/Src/stm32c0xx_hal_gpio.o
 .ARM.attributes
                0x000002c4       0x2c ./Drivers/STM32C0xx_HAL_Driver/Src/stm32c0xx_hal_rcc.o
 .ARM.attributes
                0x000002f0       0x2c ./Drivers/STM32C0xx_HAL_Driver/Src/stm32c0xx_hal_tim.o
 .ARM.attributes
                0x0000031c       0x2c ./Drivers/STM32C0xx_HAL_Driver/Src/stm32c0xx_hal_tim_ex.o
 .ARM.attributes
                0x00000348       0x2c ./Drivers/STM32C0xx_HAL_Driver/Src/stm32c0xx_hal_uart.o
 .ARM.attributes
                0x00000374       0x2c ./Middlewares/ST/threadx/common/src/tx_byte_allocate.o
 .ARM.attributes
                0x000003a0       0x2c ./Middlewares/ST/threadx/common/src/tx_byte_pool_cleanup.o
 .ARM.attributes
                0x000003cc       0x2c ./Middlewares/ST/threadx/common/src/tx_byte_pool_create.o
 .ARM.attributes
                0x000003f8       0x2c ./Middlewares/ST/threadx/common/src/tx_byte_pool_search.o
 .ARM.attributes
                0x00000424       0x2c ./Middlewares/ST/threadx/common/src/tx_initialize_high_level.o
 .ARM.attributes
                0x00000450       0x2c ./Middlewares/ST/threadx/common/src/tx_initialize_kernel_enter.o
 .ARM.attributes
                0x0000047c       0x2c ./Middlewares/ST/threadx/common/src/tx_semaphore_create.o
 .ARM.attributes
                0x000004a8       0x2c ./Middlewares/ST/threadx/common/src/tx_thread_create.o
 .ARM.attributes
                0x000004d4       0x2c ./Middlewares/ST/threadx/common/src/tx_thread_initialize.o
 .ARM.attributes
                0x00000500       0x2c ./Middlewares/ST/threadx/common/src/tx_thread_shell_entry.o
 .ARM.attributes
                0x0000052c       0x2c ./Middlewares/ST/threadx/common/src/tx_thread_system_preempt_check.o
 .ARM.attributes
                0x00000558       0x2c ./Middlewares/ST/threadx/common/src/tx_thread_system_resume.o
 .ARM.attributes
                0x00000584       0x2c ./Middlewares/ST/threadx/common/src/tx_thread_system_suspend.o
 .ARM.attributes
                0x000005b0       0x2c ./Middlewares/ST/threadx/common/src/tx_thread_time_slice.o
 .ARM.attributes
                0x000005dc       0x2c ./Middlewares/ST/threadx/common/src/tx_thread_timeout.o
 .ARM.attributes
                0x00000608       0x2c ./Middlewares/ST/threadx/common/src/tx_timer_expiration_process.o
 .ARM.attributes
                0x00000634       0x2c ./Middlewares/ST/threadx/common/src/tx_timer_initialize.o
 .ARM.attributes
                0x00000660       0x2c ./Middlewares/ST/threadx/common/src/tx_timer_system_activate.o
 .ARM.attributes
                0x0000068c       0x2c ./Middlewares/ST/threadx/common/src/tx_timer_system_deactivate.o
 .ARM.attributes
                0x000006b8       0x2c ./Middlewares/ST/threadx/common/src/tx_timer_thread_entry.o
 .ARM.attributes
                0x000006e4       0x2c ./Middlewares/ST/threadx/common/src/txe_byte_allocate.o
 .ARM.attributes
                0x00000710       0x2c ./Middlewares/ST/threadx/common/src/txe_byte_pool_create.o
 .ARM.attributes
                0x0000073c       0x2c ./Middlewares/ST/threadx/common/src/txe_semaphore_create.o
 .ARM.attributes
                0x00000768       0x2c ./Middlewares/ST/threadx/common/src/txe_thread_create.o
 .ARM.attributes
                0x00000794       0x1c ./Middlewares/ST/threadx/ports/cortex_m0/gnu/src/tx_thread_schedule.o
 .ARM.attributes
                0x000007b0       0x1c ./Middlewares/ST/threadx/ports/cortex_m0/gnu/src/tx_thread_stack_build.o
 .ARM.attributes
                0x000007cc       0x1c ./Middlewares/ST/threadx/ports/cortex_m0/gnu/src/tx_timer_interrupt.o
 .ARM.attributes
                0x000007e8       0x2c C:/ST/STM32CubeIDE_1.6.1/STM32CubeIDE/plugins/com.st.stm32cube.ide.mcu.externaltools.gnu-tools-for-stm32.13.3.rel1.win32_1.0.0.202411081344/tools/bin/../lib/gcc/arm-none-eabi/13.3.1/../../../../arm-none-eabi/lib/thumb/v6-m/nofp\libc_nano.a(libc_a-findfp.o)
 .ARM.attributes
                0x00000814       0x2c C:/ST/STM32CubeIDE_1.6.1/STM32CubeIDE/plugins/com.st.stm32cube.ide.mcu.externaltools.gnu-tools-for-stm32.13.3.rel1.win32_1.0.0.202411081344/tools/bin/../lib/gcc/arm-none-eabi/13.3.1/../../../../arm-none-eabi/lib/thumb/v6-m/nofp\libc_nano.a(libc_a-fwalk.o)
 .ARM.attributes
                0x00000840       0x2c C:/ST/STM32CubeIDE_1.6.1/STM32CubeIDE/plugins/com.st.stm32cube.ide.mcu.externaltools.gnu-tools-for-stm32.13.3.rel1.win32_1.0.0.202411081344/tools/bin/../lib/gcc/arm-none-eabi/13.3.1/../../../../arm-none-eabi/lib/thumb/v6-m/nofp\libc_nano.a(libc_a-puts.o)
 .ARM.attributes
                0x0000086c       0x2c C:/ST/STM32CubeIDE_1.6.1/STM32CubeIDE/plugins/com.st.stm32cube.ide.mcu.externaltools.gnu-tools-for-stm32.13.3.rel1.win32_1.0.0.202411081344/tools/bin/../lib/gcc/arm-none-eabi/13.3.1/../../../../arm-none-eabi/lib/thumb/v6-m/nofp\libc_nano.a(libc_a-sprintf.o)
 .ARM.attributes
                0x00000898       0x2c C:/ST/STM32CubeIDE_1.6.1/STM32CubeIDE/plugins/com.st.stm32cube.ide.mcu.externaltools.gnu-tools-for-stm32.13.3.rel1.win32_1.0.0.202411081344/tools/bin/../lib/gcc/arm-none-eabi/13.3.1/../../../../arm-none-eabi/lib/thumb/v6-m/nofp\libc_nano.a(libc_a-stdio.o)
 .ARM.attributes
                0x000008c4       0x2c C:/ST/STM32CubeIDE_1.6.1/STM32CubeIDE/plugins/com.st.stm32cube.ide.mcu.externaltools.gnu-tools-for-stm32.13.3.rel1.win32_1.0.0.202411081344/tools/bin/../lib/gcc/arm-none-eabi/13.3.1/../../../../arm-none-eabi/lib/thumb/v6-m/nofp\libc_nano.a(libc_a-wbuf.o)
 .ARM.attributes
                0x000008f0       0x2c C:/ST/STM32CubeIDE_1.6.1/STM32CubeIDE/plugins/com.st.stm32cube.ide.mcu.externaltools.gnu-tools-for-stm32.13.3.rel1.win32_1.0.0.202411081344/tools/bin/../lib/gcc/arm-none-eabi/13.3.1/../../../../arm-none-eabi/lib/thumb/v6-m/nofp\libc_nano.a(libc_a-wsetup.o)
 .ARM.attributes
                0x0000091c       0x2c C:/ST/STM32CubeIDE_1.6.1/STM32CubeIDE/plugins/com.st.stm32cube.ide.mcu.externaltools.gnu-tools-for-stm32.13.3.rel1.win32_1.0.0.202411081344/tools/bin/../lib/gcc/arm-none-eabi/13.3.1/../../../../arm-none-eabi/lib/thumb/v6-m/nofp\libc_nano.a(libc_a-memset.o)
 .ARM.attributes
                0x00000948       0x2c C:/ST/STM32CubeIDE_1.6.1/STM32CubeIDE/plugins/com.st.stm32cube.ide.mcu.externaltools.gnu-tools-for-stm32.13.3.rel1.win32_1.0.0.202411081344/tools/bin/../lib/gcc/arm-none-eabi/13.3.1/../../../../arm-none-eabi/lib/thumb/v6-m/nofp\libc_nano.a(libc_a-closer.o)
 .ARM.attributes
                0x00000974       0x2c C:/ST/STM32CubeIDE_1.6.1/STM32CubeIDE/plugins/com.st.stm32cube.ide.mcu.externaltools.gnu-tools-for-stm32.13.3.rel1.win32_1.0.0.202411081344/tools/bin/../lib/gcc/arm-none-eabi/13.3.1/../../../../arm-none-eabi/lib/thumb/v6-m/nofp\libc_nano.a(libc_a-reent.o)
 .ARM.attributes
                0x000009a0       0x2c C:/ST/STM32CubeIDE_1.6.1/STM32CubeIDE/plugins/com.st.stm32cube.ide.mcu.externaltools.gnu-tools-for-stm32.13.3.rel1.win32_1.0.0.202411081344/tools/bin/../lib/gcc/arm-none-eabi/13.3.1/../../../../arm-none-eabi/lib/thumb/v6-m/nofp\libc_nano.a(libc_a-impure.o)
 .ARM.attributes
                0x000009cc       0x2c C:/ST/STM32CubeIDE_1.6.1/STM32CubeIDE/plugins/com.st.stm32cube.ide.mcu.externaltools.gnu-tools-for-stm32.13.3.rel1.win32_1.0.0.202411081344/tools/bin/../lib/gcc/arm-none-eabi/13.3.1/../../../../arm-none-eabi/lib/thumb/v6-m/nofp\libc_nano.a(libc_a-lseekr.o)
 .ARM.attributes
                0x000009f8       0x2c C:/ST/STM32CubeIDE_1.6.1/STM32CubeIDE/plugins/com.st.stm32cube.ide.mcu.externaltools.gnu-tools-for-stm32.13.3.rel1.win32_1.0.0.202411081344/tools/bin/../lib/gcc/arm-none-eabi/13.3.1/../../../../arm-none-eabi/lib/thumb/v6-m/nofp\libc_nano.a(libc_a-readr.o)
 .ARM.attributes
                0x00000a24       0x2c C:/ST/STM32CubeIDE_1.6.1/STM32CubeIDE/plugins/com.st.stm32cube.ide.mcu.externaltools.gnu-tools-for-stm32.13.3.rel1.win32_1.0.0.202411081344/tools/bin/../lib/gcc/arm-none-eabi/13.3.1/../../../../arm-none-eabi/lib/thumb/v6-m/nofp\libc_nano.a(libc_a-writer.o)
 .ARM.attributes
                0x00000a50       0x2c C:/ST/STM32CubeIDE_1.6.1/STM32CubeIDE/plugins/com.st.stm32cube.ide.mcu.externaltools.gnu-tools-for-stm32.13.3.rel1.win32_1.0.0.202411081344/tools/bin/../lib/gcc/arm-none-eabi/13.3.1/../../../../arm-none-eabi/lib/thumb/v6-m/nofp\libc_nano.a(libc_a-errno.o)
 .ARM.attributes
                0x00000a7c       0x2c C:/ST/STM32CubeIDE_1.6.1/STM32CubeIDE/plugins/com.st.stm32cube.ide.mcu.externaltools.gnu-tools-for-stm32.13.3.rel1.win32_1.0.0.202411081344/tools/bin/../lib/gcc/arm-none-eabi/13.3.1/../../../../arm-none-eabi/lib/thumb/v6-m/nofp\libc_nano.a(libc_a-init.o)
 .ARM.attributes
                0x00000aa8       0x2c C:/ST/STM32CubeIDE_1.6.1/STM32CubeIDE/plugins/com.st.stm32cube.ide.mcu.externaltools.gnu-tools-for-stm32.13.3.rel1.win32_1.0.0.202411081344/tools/bin/../lib/gcc/arm-none-eabi/13.3.1/../../../../arm-none-eabi/lib/thumb/v6-m/nofp\libc_nano.a(libc_a-lock.o)
 .ARM.attributes
                0x00000ad4       0x2c C:/ST/STM32CubeIDE_1.6.1/STM32CubeIDE/plugins/com.st.stm32cube.ide.mcu.externaltools.gnu-tools-for-stm32.13.3.rel1.win32_1.0.0.202411081344/tools/bin/../lib/gcc/arm-none-eabi/13.3.1/../../../../arm-none-eabi/lib/thumb/v6-m/nofp\libc_nano.a(libc_a-freer.o)
 .ARM.attributes
                0x00000b00       0x2c C:/ST/STM32CubeIDE_1.6.1/STM32CubeIDE/plugins/com.st.stm32cube.ide.mcu.externaltools.gnu-tools-for-stm32.13.3.rel1.win32_1.0.0.202411081344/tools/bin/../lib/gcc/arm-none-eabi/13.3.1/../../../../arm-none-eabi/lib/thumb/v6-m/nofp\libc_nano.a(libc_a-mallocr.o)
 .ARM.attributes
                0x00000b2c       0x2c C:/ST/STM32CubeIDE_1.6.1/STM32CubeIDE/plugins/com.st.stm32cube.ide.mcu.externaltools.gnu-tools-for-stm32.13.3.rel1.win32_1.0.0.202411081344/tools/bin/../lib/gcc/arm-none-eabi/13.3.1/../../../../arm-none-eabi/lib/thumb/v6-m/nofp\libc_nano.a(libc_a-mlock.o)
 .ARM.attributes
                0x00000b58       0x2c C:/ST/STM32CubeIDE_1.6.1/STM32CubeIDE/plugins/com.st.stm32cube.ide.mcu.externaltools.gnu-tools-for-stm32.13.3.rel1.win32_1.0.0.202411081344/tools/bin/../lib/gcc/arm-none-eabi/13.3.1/../../../../arm-none-eabi/lib/thumb/v6-m/nofp\libc_nano.a(libc_a-nano-svfprintf.o)
 .ARM.attributes
                0x00000b84       0x2c C:/ST/STM32CubeIDE_1.6.1/STM32CubeIDE/plugins/com.st.stm32cube.ide.mcu.externaltools.gnu-tools-for-stm32.13.3.rel1.win32_1.0.0.202411081344/tools/bin/../lib/gcc/arm-none-eabi/13.3.1/../../../../arm-none-eabi/lib/thumb/v6-m/nofp\libc_nano.a(libc_a-nano-vfprintf_i.o)
 .ARM.attributes
                0x00000bb0       0x2c C:/ST/STM32CubeIDE_1.6.1/STM32CubeIDE/plugins/com.st.stm32cube.ide.mcu.externaltools.gnu-tools-for-stm32.13.3.rel1.win32_1.0.0.202411081344/tools/bin/../lib/gcc/arm-none-eabi/13.3.1/../../../../arm-none-eabi/lib/thumb/v6-m/nofp\libc_nano.a(libc_a-fflush.o)
 .ARM.attributes
                0x00000bdc       0x2c C:/ST/STM32CubeIDE_1.6.1/STM32CubeIDE/plugins/com.st.stm32cube.ide.mcu.externaltools.gnu-tools-for-stm32.13.3.rel1.win32_1.0.0.202411081344/tools/bin/../lib/gcc/arm-none-eabi/13.3.1/../../../../arm-none-eabi/lib/thumb/v6-m/nofp\libc_nano.a(libc_a-makebuf.o)
 .ARM.attributes
                0x00000c08       0x2c C:/ST/STM32CubeIDE_1.6.1/STM32CubeIDE/plugins/com.st.stm32cube.ide.mcu.externaltools.gnu-tools-for-stm32.13.3.rel1.win32_1.0.0.202411081344/tools/bin/../lib/gcc/arm-none-eabi/13.3.1/../../../../arm-none-eabi/lib/thumb/v6-m/nofp\libc_nano.a(libc_a-memmove.o)
 .ARM.attributes
                0x00000c34       0x2c C:/ST/STM32CubeIDE_1.6.1/STM32CubeIDE/plugins/com.st.stm32cube.ide.mcu.externaltools.gnu-tools-for-stm32.13.3.rel1.win32_1.0.0.202411081344/tools/bin/../lib/gcc/arm-none-eabi/13.3.1/../../../../arm-none-eabi/lib/thumb/v6-m/nofp\libc_nano.a(libc_a-fstatr.o)
 .ARM.attributes
                0x00000c60       0x2c C:/ST/STM32CubeIDE_1.6.1/STM32CubeIDE/plugins/com.st.stm32cube.ide.mcu.externaltools.gnu-tools-for-stm32.13.3.rel1.win32_1.0.0.202411081344/tools/bin/../lib/gcc/arm-none-eabi/13.3.1/../../../../arm-none-eabi/lib/thumb/v6-m/nofp\libc_nano.a(libc_a-isattyr.o)
 .ARM.attributes
                0x00000c8c       0x2c C:/ST/STM32CubeIDE_1.6.1/STM32CubeIDE/plugins/com.st.stm32cube.ide.mcu.externaltools.gnu-tools-for-stm32.13.3.rel1.win32_1.0.0.202411081344/tools/bin/../lib/gcc/arm-none-eabi/13.3.1/../../../../arm-none-eabi/lib/thumb/v6-m/nofp\libc_nano.a(libc_a-sbrkr.o)
 .ARM.attributes
                0x00000cb8       0x2c C:/ST/STM32CubeIDE_1.6.1/STM32CubeIDE/plugins/com.st.stm32cube.ide.mcu.externaltools.gnu-tools-for-stm32.13.3.rel1.win32_1.0.0.202411081344/tools/bin/../lib/gcc/arm-none-eabi/13.3.1/../../../../arm-none-eabi/lib/thumb/v6-m/nofp\libc_nano.a(libc_a-memchr-stub.o)
 .ARM.attributes
                0x00000ce4       0x2c C:/ST/STM32CubeIDE_1.6.1/STM32CubeIDE/plugins/com.st.stm32cube.ide.mcu.externaltools.gnu-tools-for-stm32.13.3.rel1.win32_1.0.0.202411081344/tools/bin/../lib/gcc/arm-none-eabi/13.3.1/../../../../arm-none-eabi/lib/thumb/v6-m/nofp\libc_nano.a(libc_a-memcpy-stub.o)
 .ARM.attributes
                0x00000d10       0x2c C:/ST/STM32CubeIDE_1.6.1/STM32CubeIDE/plugins/com.st.stm32cube.ide.mcu.externaltools.gnu-tools-for-stm32.13.3.rel1.win32_1.0.0.202411081344/tools/bin/../lib/gcc/arm-none-eabi/13.3.1/../../../../arm-none-eabi/lib/thumb/v6-m/nofp\libc_nano.a(libc_a-reallocr.o)
 .ARM.attributes
                0x00000d3c       0x2c C:/ST/STM32CubeIDE_1.6.1/STM32CubeIDE/plugins/com.st.stm32cube.ide.mcu.externaltools.gnu-tools-for-stm32.13.3.rel1.win32_1.0.0.202411081344/tools/bin/../lib/gcc/arm-none-eabi/13.3.1/../../../../arm-none-eabi/lib/thumb/v6-m/nofp\libc_nano.a(libc_a-msizer.o)
 .ARM.attributes
                0x00000d68       0x1e C:/ST/STM32CubeIDE_1.6.1/STM32CubeIDE/plugins/com.st.stm32cube.ide.mcu.externaltools.gnu-tools-for-stm32.13.3.rel1.win32_1.0.0.202411081344/tools/bin/../lib/gcc/arm-none-eabi/13.3.1/thumb/v6-m/nofp\libgcc.a(_thumb1_case_uqi.o)
 .ARM.attributes
                0x00000d86       0x1e C:/ST/STM32CubeIDE_1.6.1/STM32CubeIDE/plugins/com.st.stm32cube.ide.mcu.externaltools.gnu-tools-for-stm32.13.3.rel1.win32_1.0.0.202411081344/tools/bin/../lib/gcc/arm-none-eabi/13.3.1/thumb/v6-m/nofp\libgcc.a(_thumb1_case_shi.o)
 .ARM.attributes
                0x00000da4       0x1e C:/ST/STM32CubeIDE_1.6.1/STM32CubeIDE/plugins/com.st.stm32cube.ide.mcu.externaltools.gnu-tools-for-stm32.13.3.rel1.win32_1.0.0.202411081344/tools/bin/../lib/gcc/arm-none-eabi/13.3.1/thumb/v6-m/nofp\libgcc.a(_udivsi3.o)
 .ARM.attributes
                0x00000dc2       0x1e C:/ST/STM32CubeIDE_1.6.1/STM32CubeIDE/plugins/com.st.stm32cube.ide.mcu.externaltools.gnu-tools-for-stm32.13.3.rel1.win32_1.0.0.202411081344/tools/bin/../lib/gcc/arm-none-eabi/13.3.1/thumb/v6-m/nofp\libgcc.a(_dvmd_tls.o)
 .ARM.attributes
                0x00000de0       0x1e C:/ST/STM32CubeIDE_1.6.1/STM32CubeIDE/plugins/com.st.stm32cube.ide.mcu.externaltools.gnu-tools-for-stm32.13.3.rel1.win32_1.0.0.202411081344/tools/bin/../lib/gcc/arm-none-eabi/13.3.1/thumb/v6-m/nofp/crtn.o
OUTPUT(STM32C031C6_BEER_LED_CONTROLLER.elf elf32-littlearm)
LOAD linker stubs
LOAD C:/ST/STM32CubeIDE_1.6.1/STM32CubeIDE/plugins/com.st.stm32cube.ide.mcu.externaltools.gnu-tools-for-stm32.13.3.rel1.win32_1.0.0.202411081344/tools/bin/../lib/gcc/arm-none-eabi/13.3.1/../../../../arm-none-eabi/lib/thumb/v6-m/nofp\libc.a
LOAD C:/ST/STM32CubeIDE_1.6.1/STM32CubeIDE/plugins/com.st.stm32cube.ide.mcu.externaltools.gnu-tools-for-stm32.13.3.rel1.win32_1.0.0.202411081344/tools/bin/../lib/gcc/arm-none-eabi/13.3.1/../../../../arm-none-eabi/lib/thumb/v6-m/nofp\libm.a
LOAD C:/ST/STM32CubeIDE_1.6.1/STM32CubeIDE/plugins/com.st.stm32cube.ide.mcu.externaltools.gnu-tools-for-stm32.13.3.rel1.win32_1.0.0.202411081344/tools/bin/../lib/gcc/arm-none-eabi/13.3.1/thumb/v6-m/nofp\libgcc.a

.comment        0x00000000       0x43
 .comment       0x00000000       0x43 ./AZURE_RTOS/App/app_azure_rtos.o
                                 0x44 (size before relaxing)
 .comment       0x00000043       0x44 ./Core/Src/app_threadx.o
 .comment       0x00000043       0x44 ./Core/Src/main.o
 .comment       0x00000043       0x44 ./Core/Src/stm32c0xx_hal_msp.o
 .comment       0x00000043       0x44 ./Core/Src/stm32c0xx_hal_timebase_tim.o
 .comment       0x00000043       0x44 ./Core/Src/stm32c0xx_it.o
 .comment       0x00000043       0x44 ./Core/Src/syscalls.o
 .comment       0x00000043       0x44 ./Core/Src/sysmem.o
 .comment       0x00000043       0x44 ./Core/Src/system_stm32c0xx.o
 .comment       0x00000043       0x44 ./Drivers/BSP/STM32C0xx_Nucleo/stm32c0xx_nucleo.o
 .comment       0x00000043       0x44 ./Drivers/STM32C0xx_HAL_Driver/Src/stm32c0xx_hal.o
 .comment       0x00000043       0x44 ./Drivers/STM32C0xx_HAL_Driver/Src/stm32c0xx_hal_cortex.o
 .comment       0x00000043       0x44 ./Drivers/STM32C0xx_HAL_Driver/Src/stm32c0xx_hal_gpio.o
 .comment       0x00000043       0x44 ./Drivers/STM32C0xx_HAL_Driver/Src/stm32c0xx_hal_rcc.o
 .comment       0x00000043       0x44 ./Drivers/STM32C0xx_HAL_Driver/Src/stm32c0xx_hal_tim.o
 .comment       0x00000043       0x44 ./Drivers/STM32C0xx_HAL_Driver/Src/stm32c0xx_hal_tim_ex.o
 .comment       0x00000043       0x44 ./Drivers/STM32C0xx_HAL_Driver/Src/stm32c0xx_hal_uart.o
 .comment       0x00000043       0x44 ./Middlewares/ST/threadx/common/src/tx_byte_allocate.o
 .comment       0x00000043       0x44 ./Middlewares/ST/threadx/common/src/tx_byte_pool_cleanup.o
 .comment       0x00000043       0x44 ./Middlewares/ST/threadx/common/src/tx_byte_pool_create.o
 .comment       0x00000043       0x44 ./Middlewares/ST/threadx/common/src/tx_byte_pool_search.o
 .comment       0x00000043       0x44 ./Middlewares/ST/threadx/common/src/tx_initialize_high_level.o
 .comment       0x00000043       0x44 ./Middlewares/ST/threadx/common/src/tx_initialize_kernel_enter.o